Archive member included because of file (symbol)

c:\Users\eleve\Desktop\Lau\arduino\.build\mzero_pro_bl_dbg/core\core.a(cortex_handlers.c.o)
                              (Reset_Handler)
c:\Users\eleve\Desktop\Lau\arduino\.build\mzero_pro_bl_dbg/core\core.a(delay.c.o)
                              c:\Users\eleve\Desktop\Lau\arduino\.build\mzero_pro_bl_dbg/core\core.a(cortex_handlers.c.o) (SysTick_DefaultHandler)
c:\Users\eleve\Desktop\Lau\arduino\.build\mzero_pro_bl_dbg/core\core.a(hooks.c.o)
                              c:\Users\eleve\Desktop\Lau\arduino\.build\mzero_pro_bl_dbg/core\core.a(delay.c.o) (yield)
c:\Users\eleve\Desktop\Lau\arduino\.build\mzero_pro_bl_dbg/core\core.a(startup.c.o)
                              c:\Users\eleve\Desktop\Lau\arduino\.build\mzero_pro_bl_dbg/core\core.a(cortex_handlers.c.o) (SystemInit)
c:\Users\eleve\Desktop\Lau\arduino\.build\mzero_pro_bl_dbg/core\core.a(wiring.c.o)
                              c:\Users\eleve\Desktop\Lau\arduino\.build\mzero_pro_bl_dbg/core\core.a(startup.c.o) (SystemCoreClock)
c:\Users\eleve\Desktop\Lau\arduino\.build\mzero_pro_bl_dbg/core\core.a(wiring_analog.c.o)
                              c:\Users\eleve\Desktop\Lau\arduino\.build\mzero_pro_bl_dbg/core\core.a(wiring.c.o) (analogReference)
c:\Users\eleve\Desktop\Lau\arduino\.build\mzero_pro_bl_dbg/core\core.a(wiring_digital.c.o)
                              c:\Users\eleve\Desktop\Lau\arduino\.build\mzero_pro_bl_dbg/core\core.a(wiring.c.o) (pinMode)
c:\Users\eleve\Desktop\Lau\arduino\.build\mzero_pro_bl_dbg/core\core.a(wiring_private.c.o)
                              c:\Users\eleve\Desktop\Lau\arduino\.build\mzero_pro_bl_dbg/core\core.a(wiring_analog.c.o) (pinPeripheral)
c:\Users\eleve\Desktop\Lau\arduino\.build\mzero_pro_bl_dbg/core\core.a(Reset.cpp.o)
                              c:\Users\eleve\Desktop\Lau\arduino\.build\mzero_pro_bl_dbg/core\core.a(delay.c.o) (tickReset)
c:\Users\eleve\Desktop\Lau\arduino\.build\mzero_pro_bl_dbg/core\core.a(SERCOM.cpp.o)
                              c:\Users\eleve\Desktop\Lau\arduino\.build\mzero_pro_bl_dbg\core\variant.cpp.o (SERCOM::SERCOM(Sercom*))
c:\Users\eleve\Desktop\Lau\arduino\.build\mzero_pro_bl_dbg/core\core.a(Uart.cpp.o)
                              c:\Users\eleve\Desktop\Lau\arduino\.build\mzero_pro_bl_dbg\core\variant.cpp.o (Uart::Uart(SERCOM*, unsigned char, unsigned char, SercomRXPad, SercomUartTXPad))
c:\Users\eleve\Desktop\Lau\arduino\.build\mzero_pro_bl_dbg/core\core.a(abi.cpp.o)
                              c:\Users\eleve\Desktop\Lau\arduino\.build\mzero_pro_bl_dbg/core\core.a(Uart.cpp.o) (__cxa_pure_virtual)
c:\Users\eleve\Desktop\Lau\arduino\.build\mzero_pro_bl_dbg/core\core.a(main.cpp.o)
                              c:/users/eleve/appdata/local/arduino15/packages/arduino/tools/arm-none-eabi-gcc/4.8.3-2014q1/bin/../lib/gcc/arm-none-eabi/4.8.3/../../../../arm-none-eabi/lib/armv6-m/crt0.o (main)
c:\Users\eleve\Desktop\Lau\arduino\.build\mzero_pro_bl_dbg/core\core.a(USBCore.cpp.o)
                              c:\Users\eleve\Desktop\Lau\arduino\.build\mzero_pro_bl_dbg/core\core.a(main.cpp.o) (USBDeviceClass::init())
c:\Users\eleve\Desktop\Lau\arduino\.build\mzero_pro_bl_dbg/core\core.a(Print.cpp.o)
                              c:\Users\eleve\Desktop\Lau\arduino\.build\mzero_pro_bl_dbg/core\core.a(Uart.cpp.o) (Print::write(unsigned char const*, unsigned int))
c:\Users\eleve\Desktop\Lau\arduino\.build\mzero_pro_bl_dbg/core\core.a(RingBuffer.cpp.o)
                              c:\Users\eleve\Desktop\Lau\arduino\.build\mzero_pro_bl_dbg/core\core.a(Uart.cpp.o) (RingBuffer::RingBuffer())
c:\Users\eleve\Desktop\Lau\arduino\.build\mzero_pro_bl_dbg/core\core.a(new.cpp.o)
                              c:\Users\eleve\Desktop\Lau\arduino\.build\mzero_pro_bl_dbg/core\core.a(USBCore.cpp.o) (operator new(unsigned int))
c:\Users\eleve\Desktop\Lau\arduino\.build\mzero_pro_bl_dbg/core\core.a(CDC.cpp.o)
                              c:\Users\eleve\Desktop\Lau\arduino\.build\mzero_pro_bl_dbg/core\core.a(USBCore.cpp.o) (CDC_GetInterface(unsigned char*))
c:\Users\eleve\Desktop\Lau\arduino\.build\mzero_pro_bl_dbg/core\core.a(PluggableUSB.cpp.o)
                              c:\Users\eleve\Desktop\Lau\arduino\.build\mzero_pro_bl_dbg/core\core.a(USBCore.cpp.o) (PluggableUSB_::getInterface(unsigned char*))
c:/users/eleve/appdata/local/arduino15/packages/arduino/tools/arm-none-eabi-gcc/4.8.3-2014q1/bin/../lib/gcc/arm-none-eabi/4.8.3/../../../../arm-none-eabi/lib/armv6-m\libm.a(lib_a-s_fpclassify.o)
                              c:\Users\eleve\Desktop\Lau\arduino\.build\mzero_pro_bl_dbg/core\core.a(Print.cpp.o) (__fpclassifyd)
c:/users/eleve/appdata/local/arduino15/packages/arduino/tools/arm-none-eabi-gcc/4.8.3-2014q1/bin/../lib/gcc/arm-none-eabi/4.8.3/armv6-m\libgcc.a(_thumb1_case_uqi.o)
                              c:\Users\eleve\Desktop\Lau\arduino\.build\mzero_pro_bl_dbg/core\core.a(wiring_analog.c.o) (__gnu_thumb1_case_uqi)
[...]
Memory Configuration

Name             Origin             Length             Attributes
FLASH            0x00004000         0x0003c000         xr
RAM              0x20000000         0x00008000         xrw
*default*        0x00000000         0xffffffff

Linker script and memory map

LOAD c:/users/eleve/appdata/local/arduino15/packages/arduino/tools/arm-none-eabi-gcc/4.8.3-2014q1/bin/../lib/gcc/arm-none-eabi/4.8.3/armv6-m/crti.o
LOAD c:/users/eleve/appdata/local/arduino15/packages/arduino/tools/arm-none-eabi-gcc/4.8.3-2014q1/bin/../lib/gcc/arm-none-eabi/4.8.3/armv6-m/crtbegin.o
LOAD c:/users/eleve/appdata/local/arduino15/packages/arduino/tools/arm-none-eabi-gcc/4.8.3-2014q1/bin/../lib/gcc/arm-none-eabi/4.8.3/../../../../arm-none-eabi/lib/armv6-m/crt0.o
LOAD c:\Users\eleve\Desktop\Lau\arduino\.build\mzero_pro_bl_dbg\sketch\main.ino.cpp.o
LOAD c:\Users\eleve\Desktop\Lau\arduino\.build\mzero_pro_bl_dbg\core\variant.cpp.o
START GROUP
LOAD C:\Users\eleve\AppData\Local\Arduino15\packages\arduino\tools\CMSIS\4.5.0/CMSIS/Lib/GCC/\libarm_cortexM0l_math.a
LOAD c:/users/eleve/appdata/local/arduino15/packages/arduino/tools/arm-none-eabi-gcc/4.8.3-2014q1/bin/../lib/gcc/arm-none-eabi/4.8.3/../../../../arm-none-eabi/lib/armv6-m\libm.a
LOAD c:\Users\eleve\Desktop\Lau\arduino\.build\mzero_pro_bl_dbg/core\core.a
END GROUP
START GROUP
LOAD c:/users/eleve/appdata/local/arduino15/packages/arduino/tools/arm-none-eabi-gcc/4.8.3-2014q1/bin/../lib/gcc/arm-none-eabi/4.8.3/armv6-m\libgcc.a
LOAD c:/users/eleve/appdata/local/arduino15/packages/arduino/tools/arm-none-eabi-gcc/4.8.3-2014q1/bin/../lib/gcc/arm-none-eabi/4.8.3/../../../../arm-none-eabi/lib/armv6-m\libc_s.a
END GROUP
START GROUP
LOAD c:/users/eleve/appdata/local/arduino15/packages/arduino/tools/arm-none-eabi-gcc/4.8.3-2014q1/bin/../lib/gcc/arm-none-eabi/4.8.3/armv6-m\libgcc.a
LOAD c:/users/eleve/appdata/local/arduino15/packages/arduino/tools/arm-none-eabi-gcc/4.8.3-2014q1/bin/../lib/gcc/arm-none-eabi/4.8.3/../../../../arm-none-eabi/lib/armv6-m\libc_s.a
LOAD c:/users/eleve/appdata/local/arduino15/packages/arduino/tools/arm-none-eabi-gcc/4.8.3-2014q1/bin/../lib/gcc/arm-none-eabi/4.8.3/../../../../arm-none-eabi/lib/armv6-m\libnosys.a
END GROUP
START GROUP
LOAD c:/users/eleve/appdata/local/arduino15/packages/arduino/tools/arm-none-eabi-gcc/4.8.3-2014q1/bin/../lib/gcc/arm-none-eabi/4.8.3/armv6-m\libgcc.a
LOAD c:/users/eleve/appdata/local/arduino15/packages/arduino/tools/arm-none-eabi-gcc/4.8.3-2014q1/bin/../lib/gcc/arm-none-eabi/4.8.3/../../../../arm-none-eabi/lib/armv6-m\libc_s.a
LOAD c:/users/eleve/appdata/local/arduino15/packages/arduino/tools/arm-none-eabi-gcc/4.8.3-2014q1/bin/../lib/gcc/arm-none-eabi/4.8.3/../../../../arm-none-eabi/lib/armv6-m\libnosys.a
END GROUP
LOAD c:/users/eleve/appdata/local/arduino15/packages/arduino/tools/arm-none-eabi-gcc/4.8.3-2014q1/bin/../lib/gcc/arm-none-eabi/4.8.3/armv6-m/crtend.o
LOAD c:/users/eleve/appdata/local/arduino15/packages/arduino/tools/arm-none-eabi-gcc/4.8.3-2014q1/bin/../lib/gcc/arm-none-eabi/4.8.3/armv6-m/crtn.o

.text           0x00004000     0x2848
                0x00004000                __text_start__ = .
 *(.isr_vector)
 .isr_vector    0x00004000       0xb4 c:\Users\eleve\Desktop\Lau\arduino\.build\mzero_pro_bl_dbg/core\core.a(cortex_handlers.c.o)
                0x00004000                exception_table
 *(.text*)
 .text          0x000040b4       0x60 c:/users/eleve/appdata/local/arduino15/packages/arduino/tools/arm-none-eabi-gcc/4.8.3-2014q1/bin/../lib/gcc/arm-none-eabi/4.8.3/armv6-m/crtbegin.o
 .text.setup    0x00004114        0x2 c:\Users\eleve\Desktop\Lau\arduino\.build\mzero_pro_bl_dbg\sketch\main.ino.cpp.o
                0x00004114                setup
 *fill*         0x00004116        0x2 
 .text.loop     0x00004118       0x14 c:\Users\eleve\Desktop\Lau\arduino\.build\mzero_pro_bl_dbg\sketch\main.ino.cpp.o
                0x00004118                loop
 .text.SERCOM0_Handler
                0x0000412c       0x10 c:\Users\eleve\Desktop\Lau\arduino\.build\mzero_pro_bl_dbg\core\variant.cpp.o
                0x0000412c                SERCOM0_Handler
 .text.SERCOM5_Handler
                0x0000413c       0x10 c:\Users\eleve\Desktop\Lau\arduino\.build\mzero_pro_bl_dbg\core\variant.cpp.o
                0x0000413c                SERCOM5_Handler
 .text.startup._GLOBAL__sub_I_g_APinDescription
                0x0000414c       0x94 c:\Users\eleve\Desktop\Lau\arduino\.build\mzero_pro_bl_dbg\core\variant.cpp.o
 .text.Dummy_Handler
                0x000041e0        0x2 c:\Users\eleve\Desktop\Lau\arduino\.build\mzero_pro_bl_dbg/core\core.a(cortex_handlers.c.o)
                0x000041e0                DMAC_Handler
                0x000041e0                HardFault_Handler
                0x000041e0                AC_Handler
                0x000041e0                PendSV_Handler
                0x000041e0                NMI_Handler
                0x000041e0                TC7_Handler
                0x000041e0                SERCOM1_Handler
                0x000041e0                ADC_Handler
                0x000041e0                TCC1_Handler
                0x000041e0                SERCOM2_Handler
                0x000041e0                TCC0_Handler
                0x000041e0                RTC_Handler
                0x000041e0                EIC_Handler
                0x000041e0                TC6_Handler
                0x000041e0                WDT_Handler
                0x000041e0                TC4_Handler
                0x000041e0                TC3_Handler
                0x000041e0                Dummy_Handler
                0x000041e0                PM_Handler
                0x000041e0                SVC_Handler
                0x000041e0                TCC2_Handler
                0x000041e0                EVSYS_Handler
                0x000041e0                SERCOM3_Handler
                0x000041e0                SERCOM4_Handler
                0x000041e0                I2S_Handler
                0x000041e0                NVMCTRL_Handler
                0x000041e0                DAC_Handler
                0x000041e0                PTC_Handler
                0x000041e0                SYSCTRL_Handler
 *fill*         0x000041e2        0x2 
 .text.USB_Handler
                0x000041e4       0x14 c:\Users\eleve\Desktop\Lau\arduino\.build\mzero_pro_bl_dbg/core\core.a(cortex_handlers.c.o)
                0x000041e4                USB_Handler
 .text.Reset_Handler
                0x000041f8       0x54 c:\Users\eleve\Desktop\Lau\arduino\.build\mzero_pro_bl_dbg/core\core.a(cortex_handlers.c.o)
                0x000041f8                Reset_Handler
 .text.SysTick_Handler
                0x0000424c       0x10 c:\Users\eleve\Desktop\Lau\arduino\.build\mzero_pro_bl_dbg/core\core.a(cortex_handlers.c.o)
                0x0000424c                SysTick_Handler
 .text.USB_SetHandler
                0x0000425c        0xc c:\Users\eleve\Desktop\Lau\arduino\.build\mzero_pro_bl_dbg/core\core.a(cortex_handlers.c.o)
                0x0000425c                USB_SetHandler
 .text.delay    0x00004268       0x20 c:\Users\eleve\Desktop\Lau\arduino\.build\mzero_pro_bl_dbg/core\core.a(delay.c.o)
                0x00004268                delay
 .text.SysTick_DefaultHandler
                0x00004288       0x14 c:\Users\eleve\Desktop\Lau\arduino\.build\mzero_pro_bl_dbg/core\core.a(delay.c.o)
                0x00004288                SysTick_DefaultHandler
 .text.__empty  0x0000429c        0x2 c:\Users\eleve\Desktop\Lau\arduino\.build\mzero_pro_bl_dbg/core\core.a(hooks.c.o)
                0x0000429c                yield
 .text.__false  0x0000429e        0x4 c:\Users\eleve\Desktop\Lau\arduino\.build\mzero_pro_bl_dbg/core\core.a(hooks.c.o)
                0x0000429e                sysTickHook
 *fill*         0x000042a2        0x2 
 .text.SystemInit
                0x000042a4      0x168 c:\Users\eleve\Desktop\Lau\arduino\.build\mzero_pro_bl_dbg/core\core.a(startup.c.o)
                0x000042a4                SystemInit
 .text.init     0x0000440c       0xf0 c:\Users\eleve\Desktop\Lau\arduino\.build\mzero_pro_bl_dbg/core\core.a(wiring.c.o)
                0x0000440c                init
 .text.mapResolution
                0x000044fc       0x12 c:\Users\eleve\Desktop\Lau\arduino\.build\mzero_pro_bl_dbg/core\core.a(wiring_analog.c.o)
 *fill*         0x0000450e        0x2 
 .text.analogReference
                0x00004510       0x5c c:\Users\eleve\Desktop\Lau\arduino\.build\mzero_pro_bl_dbg/core\core.a(wiring_analog.c.o)
                0x00004510                analogReference
 .text.analogRead
                0x0000456c       0xd4 c:\Users\eleve\Desktop\Lau\arduino\.build\mzero_pro_bl_dbg/core\core.a(wiring_analog.c.o)
                0x0000456c                analogRead
 .text.pinMode  0x00004640       0xb4 c:\Users\eleve\Desktop\Lau\arduino\.build\mzero_pro_bl_dbg/core\core.a(wiring_digital.c.o)
                0x00004640                pinMode
 .text.digitalWrite
                0x000046f4       0x60 c:\Users\eleve\Desktop\Lau\arduino\.build\mzero_pro_bl_dbg/core\core.a(wiring_digital.c.o)
                0x000046f4                digitalWrite
 .text.pinPeripheral
                0x00004754       0xc4 c:\Users\eleve\Desktop\Lau\arduino\.build\mzero_pro_bl_dbg/core\core.a(wiring_private.c.o)
                0x00004754                pinPeripheral
 .text.initiateReset
                0x00004818        0xc c:\Users\eleve\Desktop\Lau\arduino\.build\mzero_pro_bl_dbg/core\core.a(Reset.cpp.o)
                0x00004818                initiateReset
 .text.cancelReset
                0x00004824       0x10 c:\Users\eleve\Desktop\Lau\arduino\.build\mzero_pro_bl_dbg/core\core.a(Reset.cpp.o)
                0x00004824                cancelReset
 .text.tickReset
                0x00004834       0x74 c:\Users\eleve\Desktop\Lau\arduino\.build\mzero_pro_bl_dbg/core\core.a(Reset.cpp.o)
                0x00004834                tickReset
 .text._ZN6SERCOMC2EP6Sercom
                0x000048a8        0x4 c:\Users\eleve\Desktop\Lau\arduino\.build\mzero_pro_bl_dbg/core\core.a(SERCOM.cpp.o)
                0x000048a8                SERCOM::SERCOM(Sercom*)
                0x000048a8                SERCOM::SERCOM(Sercom*)
 .text._ZN6SERCOM9initFrameE18SercomUartCharSize15SercomDataOrder16SercomParityMode19SercomNumberStopBit
                0x000048ac       0x38 c:\Users\eleve\Desktop\Lau\arduino\.build\mzero_pro_bl_dbg/core\core.a(SERCOM.cpp.o)
                0x000048ac                SERCOM::initFrame(SercomUartCharSize, SercomDataOrder, SercomParityMode, SercomNumberStopBit)
 .text._ZN6SERCOM8initPadsE15SercomUartTXPad11SercomRXPad
                0x000048e4       0x26 c:\Users\eleve\Desktop\Lau\arduino\.build\mzero_pro_bl_dbg/core\core.a(SERCOM.cpp.o)
                0x000048e4                SERCOM::initPads(SercomUartTXPad, SercomRXPad)
 .text._ZN6SERCOM9resetUARTEv
                0x0000490a       0x1c c:\Users\eleve\Desktop\Lau\arduino\.build\mzero_pro_bl_dbg/core\core.a(SERCOM.cpp.o)
                0x0000490a                SERCOM::resetUART()
 .text._ZN6SERCOM10enableUARTEv
                0x00004926       0x14 c:\Users\eleve\Desktop\Lau\arduino\.build\mzero_pro_bl_dbg/core\core.a(SERCOM.cpp.o)
                0x00004926                SERCOM::enableUART()
 .text._ZN6SERCOM9flushUARTEv
                0x0000493a       0x10 c:\Users\eleve\Desktop\Lau\arduino\.build\mzero_pro_bl_dbg/core\core.a(SERCOM.cpp.o)
                0x0000493a                SERCOM::flushUART()
 .text._ZN6SERCOM15clearStatusUARTEv
                0x0000494a        0x8 c:\Users\eleve\Desktop\Lau\arduino\.build\mzero_pro_bl_dbg/core\core.a(SERCOM.cpp.o)
                0x0000494a                SERCOM::clearStatusUART()
 .text._ZN6SERCOM17availableDataUARTEv
                0x00004952        0xa c:\Users\eleve\Desktop\Lau\arduino\.build\mzero_pro_bl_dbg/core\core.a(SERCOM.cpp.o)
                0x00004952                SERCOM::availableDataUART()
 .text._ZN6SERCOM11isUARTErrorEv
                0x0000495c        0x8 c:\Users\eleve\Desktop\Lau\arduino\.build\mzero_pro_bl_dbg/core\core.a(SERCOM.cpp.o)
                0x0000495c                SERCOM::isUARTError()
 .text._ZN6SERCOM20acknowledgeUARTErrorEv
                0x00004964        0xe c:\Users\eleve\Desktop\Lau\arduino\.build\mzero_pro_bl_dbg/core\core.a(SERCOM.cpp.o)
                0x00004964                SERCOM::acknowledgeUARTError()
 .text._ZN6SERCOM23isDataRegisterEmptyUARTEv
                0x00004972        0xa c:\Users\eleve\Desktop\Lau\arduino\.build\mzero_pro_bl_dbg/core\core.a(SERCOM.cpp.o)
                0x00004972                SERCOM::isDataRegisterEmptyUART()
 .text._ZN6SERCOM12readDataUARTEv
                0x0000497c        0x8 c:\Users\eleve\Desktop\Lau\arduino\.build\mzero_pro_bl_dbg/core\core.a(SERCOM.cpp.o)
                0x0000497c                SERCOM::readDataUART()
 .text._ZN6SERCOM13writeDataUARTEh
                0x00004984        0xe c:\Users\eleve\Desktop\Lau\arduino\.build\mzero_pro_bl_dbg/core\core.a(SERCOM.cpp.o)
                0x00004984                SERCOM::writeDataUART(unsigned char)
 .text._ZN6SERCOM36enableDataRegisterEmptyInterruptUARTEv
                0x00004992        0xc c:\Users\eleve\Desktop\Lau\arduino\.build\mzero_pro_bl_dbg/core\core.a(SERCOM.cpp.o)
                0x00004992                SERCOM::enableDataRegisterEmptyInterruptUART()
 .text._ZN6SERCOM37disableDataRegisterEmptyInterruptUARTEv
                0x0000499e        0x8 c:\Users\eleve\Desktop\Lau\arduino\.build\mzero_pro_bl_dbg/core\core.a(SERCOM.cpp.o)
                0x0000499e                SERCOM::disableDataRegisterEmptyInterruptUART()
 *fill*         0x000049a6        0x2 
 .text._ZN6SERCOM13initClockNVICEv
                0x000049a8       0xac c:\Users\eleve\Desktop\Lau\arduino\.build\mzero_pro_bl_dbg/core\core.a(SERCOM.cpp.o)
                0x000049a8                SERCOM::initClockNVIC()
 .text._ZN6SERCOM8initUARTE14SercomUartMode20SercomUartSampleRatem
                0x00004a54       0x6c c:\Users\eleve\Desktop\Lau\arduino\.build\mzero_pro_bl_dbg/core\core.a(SERCOM.cpp.o)
                0x00004a54                SERCOM::initUART(SercomUartMode, SercomUartSampleRate, unsigned long)
 .text._ZN4UartcvbEv
                0x00004ac0        0x4 c:\Users\eleve\Desktop\Lau\arduino\.build\mzero_pro_bl_dbg/core\core.a(Uart.cpp.o)
                0x00004ac0                Uart::operator bool()
 .text._ZN4Uart5beginEm
                0x00004ac4       0x10 c:\Users\eleve\Desktop\Lau\arduino\.build\mzero_pro_bl_dbg/core\core.a(Uart.cpp.o)
                0x00004ac4                Uart::begin(unsigned long)
 .text._ZN4Uart3endEv
                0x00004ad4       0x1c c:\Users\eleve\Desktop\Lau\arduino\.build\mzero_pro_bl_dbg/core\core.a(Uart.cpp.o)
                0x00004ad4                Uart::end()
 .text._ZN4Uart9availableEv
                0x00004af0        0xa c:\Users\eleve\Desktop\Lau\arduino\.build\mzero_pro_bl_dbg/core\core.a(Uart.cpp.o)
                0x00004af0                Uart::available()
 .text._ZN4Uart5flushEv
                0x00004afa       0x18 c:\Users\eleve\Desktop\Lau\arduino\.build\mzero_pro_bl_dbg/core\core.a(Uart.cpp.o)
                0x00004afa                Uart::flush()
 .text._ZN4Uart17availableForWriteEv
                0x00004b12        0xa c:\Users\eleve\Desktop\Lau\arduino\.build\mzero_pro_bl_dbg/core\core.a(Uart.cpp.o)
                0x00004b12                Uart::availableForWrite()
 .text._ZN4Uart4readEv
                0x00004b1c       0x34 c:\Users\eleve\Desktop\Lau\arduino\.build\mzero_pro_bl_dbg/core\core.a(Uart.cpp.o)
                0x00004b1c                Uart::read()
 .text._ZN4Uart4peekEv
                0x00004b50        0xa c:\Users\eleve\Desktop\Lau\arduino\.build\mzero_pro_bl_dbg/core\core.a(Uart.cpp.o)
                0x00004b50                Uart::peek()
 .text._ZN4Uart5writeEh
                0x00004b5a       0x44 c:\Users\eleve\Desktop\Lau\arduino\.build\mzero_pro_bl_dbg/core\core.a(Uart.cpp.o)
                0x00004b5a                Uart::write(unsigned char)
 *fill*         0x00004b9e        0x2 
 .text._ZN4UartC2EP6SERCOMhh11SercomRXPad15SercomUartTXPadhh
                0x00004ba0       0x68 c:\Users\eleve\Desktop\Lau\arduino\.build\mzero_pro_bl_dbg/core\core.a(Uart.cpp.o)
                0x00004ba0                Uart::Uart(SERCOM*, unsigned char, unsigned char, SercomRXPad, SercomUartTXPad, unsigned char, unsigned char)
                0x00004ba0                Uart::Uart(SERCOM*, unsigned char, unsigned char, SercomRXPad, SercomUartTXPad, unsigned char, unsigned char)
 .text._ZN4UartC2EP6SERCOMhh11SercomRXPad15SercomUartTXPad
                0x00004c08       0x24 c:\Users\eleve\Desktop\Lau\arduino\.build\mzero_pro_bl_dbg/core\core.a(Uart.cpp.o)
                0x00004c08                Uart::Uart(SERCOM*, unsigned char, unsigned char, SercomRXPad, SercomUartTXPad)
                0x00004c08                Uart::Uart(SERCOM*, unsigned char, unsigned char, SercomRXPad, SercomUartTXPad)
 .text._ZN4Uart10IrqHandlerEv
                0x00004c2c       0x88 c:\Users\eleve\Desktop\Lau\arduino\.build\mzero_pro_bl_dbg/core\core.a(Uart.cpp.o)
                0x00004c2c                Uart::IrqHandler()
 .text._ZN4Uart16extractNbStopBitEt
                0x00004cb4        0xe c:\Users\eleve\Desktop\Lau\arduino\.build\mzero_pro_bl_dbg/core\core.a(Uart.cpp.o)
                0x00004cb4                Uart::extractNbStopBit(unsigned short)
 .text._ZN4Uart15extractCharSizeEt
                0x00004cc2       0x2c c:\Users\eleve\Desktop\Lau\arduino\.build\mzero_pro_bl_dbg/core\core.a(Uart.cpp.o)
                0x00004cc2                Uart::extractCharSize(unsigned short)
 .text._ZN4Uart13extractParityEt
                0x00004cee       0x18 c:\Users\eleve\Desktop\Lau\arduino\.build\mzero_pro_bl_dbg/core\core.a(Uart.cpp.o)
                0x00004cee                Uart::extractParity(unsigned short)
 *fill*         0x00004d06        0x2 
 .text._ZN4Uart5beginEmt
                0x00004d08       0xf4 c:\Users\eleve\Desktop\Lau\arduino\.build\mzero_pro_bl_dbg/core\core.a(Uart.cpp.o)
                0x00004d08                Uart::begin(unsigned long, unsigned short)
 .text._Z11initVariantv
                0x00004dfc        0x2 c:\Users\eleve\Desktop\Lau\arduino\.build\mzero_pro_bl_dbg/core\core.a(main.cpp.o)
                0x00004dfc                initVariant()
 *fill*         0x00004dfe        0x2 
 .text.startup.main
                0x00004e00       0x40 c:\Users\eleve\Desktop\Lau\arduino\.build\mzero_pro_bl_dbg/core\core.a(main.cpp.o)
                0x00004e00                main
 .text._ZL5utox8mPc
                0x00004e40       0x1c c:\Users\eleve\Desktop\Lau\arduino\.build\mzero_pro_bl_dbg/core\core.a(USBCore.cpp.o)
 .text._ZN14USBDeviceClass6initEPEmm.part.4
                0x00004e5c       0x80 c:\Users\eleve\Desktop\Lau\arduino\.build\mzero_pro_bl_dbg/core\core.a(USBCore.cpp.o)
 .text._ZN20USBDevice_SAMD21G18x5resetEv
                0x00004edc       0x28 c:\Users\eleve\Desktop\Lau\arduino\.build\mzero_pro_bl_dbg/core\core.a(USBCore.cpp.o)
                0x00004edc                USBDevice_SAMD21G18x::reset()
 .text._ZN20USBDevice_SAMD21G18x9calibrateEv
                0x00004f04       0x5c c:\Users\eleve\Desktop\Lau\arduino\.build\mzero_pro_bl_dbg/core\core.a(USBCore.cpp.o)
                0x00004f04                USBDevice_SAMD21G18x::calibrate()
 .text._ZN7__GuardC2Ev
                0x00004f60        0xe c:\Users\eleve\Desktop\Lau\arduino\.build\mzero_pro_bl_dbg/core\core.a(USBCore.cpp.o)
                0x00004f60                __Guard::__Guard()
                0x00004f60                __Guard::__Guard()
 .text._ZN7__GuardD2Ev
                0x00004f6e        0xe c:\Users\eleve\Desktop\Lau\arduino\.build\mzero_pro_bl_dbg/core\core.a(USBCore.cpp.o)
                0x00004f6e                __Guard::~__Guard()
                0x00004f6e                __Guard::~__Guard()
 .text._ZNK26DoubleBufferedEPOutHandler9availableEv
                0x00004f7c       0x5e c:\Users\eleve\Desktop\Lau\arduino\.build\mzero_pro_bl_dbg/core\core.a(USBCore.cpp.o)
                0x00004f7c                DoubleBufferedEPOutHandler::available() const
 *fill*         0x00004fda        0x2 
 .text._ZN26DoubleBufferedEPOutHandler7releaseEv
                0x00004fdc       0x58 c:\Users\eleve\Desktop\Lau\arduino\.build\mzero_pro_bl_dbg/core\core.a(USBCore.cpp.o)
                0x00004fdc                DoubleBufferedEPOutHandler::release()
 .text._ZN26DoubleBufferedEPOutHandler4recvEPvm
                0x00005034      0x11c c:\Users\eleve\Desktop\Lau\arduino\.build\mzero_pro_bl_dbg/core\core.a(USBCore.cpp.o)
                0x00005034                DoubleBufferedEPOutHandler::recv(void*, unsigned long)
 .text._ZN26DoubleBufferedEPOutHandler14handleEndpointEv
                0x00005150       0xc8 c:\Users\eleve\Desktop\Lau\arduino\.build\mzero_pro_bl_dbg/core\core.a(USBCore.cpp.o)
                0x00005150                DoubleBufferedEPOutHandler::handleEndpoint()
 .text._ZN14USBDeviceClass14SendInterfacesEPm
                0x00005218       0x2c c:\Users\eleve\Desktop\Lau\arduino\.build\mzero_pro_bl_dbg/core\core.a(USBCore.cpp.o)
                0x00005218                USBDeviceClass::SendInterfaces(unsigned long*)
 .text._ZN14USBDeviceClass14handleEndpointEh
                0x00005244       0x40 c:\Users\eleve\Desktop\Lau\arduino\.build\mzero_pro_bl_dbg/core\core.a(USBCore.cpp.o)
                0x00005244                USBDeviceClass::handleEndpoint(unsigned char)
 .text._ZN14USBDeviceClass4initEv
                0x00005284       0xf0 c:\Users\eleve\Desktop\Lau\arduino\.build\mzero_pro_bl_dbg/core\core.a(USBCore.cpp.o)
                0x00005284                USBDeviceClass::init()
 .text._ZN14USBDeviceClass6attachEv
                0x00005374       0x34 c:\Users\eleve\Desktop\Lau\arduino\.build\mzero_pro_bl_dbg/core\core.a(USBCore.cpp.o)
                0x00005374                USBDeviceClass::attach()
 .text._ZN14USBDeviceClass10setAddressEm
                0x000053a8       0x48 c:\Users\eleve\Desktop\Lau\arduino\.build\mzero_pro_bl_dbg/core\core.a(USBCore.cpp.o)
                0x000053a8                USBDeviceClass::setAddress(unsigned long)
 .text._ZN14USBDeviceClass25handleClassInterfaceSetupER8USBSetup
                0x000053f0       0x40 c:\Users\eleve\Desktop\Lau\arduino\.build\mzero_pro_bl_dbg/core\core.a(USBCore.cpp.o)
                0x000053f0                USBDeviceClass::handleClassInterfaceSetup(USBSetup&)
 .text._ZN14USBDeviceClass6initEPEmm
                0x00005430      0x128 c:\Users\eleve\Desktop\Lau\arduino\.build\mzero_pro_bl_dbg/core\core.a(USBCore.cpp.o)
                0x00005430                USBDeviceClass::initEP(unsigned long, unsigned long)
 .text._ZN14USBDeviceClass13initEndpointsEv
                0x00005558       0x24 c:\Users\eleve\Desktop\Lau\arduino\.build\mzero_pro_bl_dbg/core\core.a(USBCore.cpp.o)
                0x00005558                USBDeviceClass::initEndpoints()
 .text._ZN14USBDeviceClass9availableEm
                0x0000557c       0x2c c:\Users\eleve\Desktop\Lau\arduino\.build\mzero_pro_bl_dbg/core\core.a(USBCore.cpp.o)
                0x0000557c                USBDeviceClass::available(unsigned long)
 .text._ZN14USBDeviceClass5flushEm
                0x000055a8       0x2c c:\Users\eleve\Desktop\Lau\arduino\.build\mzero_pro_bl_dbg/core\core.a(USBCore.cpp.o)
                0x000055a8                USBDeviceClass::flush(unsigned long)
 .text._ZN14USBDeviceClass14armRecvCtrlOUTEm
                0x000055d4       0x60 c:\Users\eleve\Desktop\Lau\arduino\.build\mzero_pro_bl_dbg/core\core.a(USBCore.cpp.o)
                0x000055d4                USBDeviceClass::armRecvCtrlOUT(unsigned long)
 .text._ZN14USBDeviceClass11recvControlEPvm
                0x00005634       0x3c c:\Users\eleve\Desktop\Lau\arduino\.build\mzero_pro_bl_dbg/core\core.a(USBCore.cpp.o)
                0x00005634                USBDeviceClass::recvControl(void*, unsigned long)
 .text._ZN14USBDeviceClass7armRecvEm
                0x00005670       0x3c c:\Users\eleve\Desktop\Lau\arduino\.build\mzero_pro_bl_dbg/core\core.a(USBCore.cpp.o)
                0x00005670                USBDeviceClass::armRecv(unsigned long)
 .text._ZN14USBDeviceClass4recvEmPvm
                0x000056ac       0xd8 c:\Users\eleve\Desktop\Lau\arduino\.build\mzero_pro_bl_dbg/core\core.a(USBCore.cpp.o)
                0x000056ac                USBDeviceClass::recv(unsigned long, void*, unsigned long)
 .text._ZN14USBDeviceClass4recvEm
                0x00005784       0x1c c:\Users\eleve\Desktop\Lau\arduino\.build\mzero_pro_bl_dbg/core\core.a(USBCore.cpp.o)
                0x00005784                USBDeviceClass::recv(unsigned long)
 .text._ZN14USBDeviceClass4sendEmPKvm
                0x000057a0      0x124 c:\Users\eleve\Desktop\Lau\arduino\.build\mzero_pro_bl_dbg/core\core.a(USBCore.cpp.o)
                0x000057a0                USBDeviceClass::send(unsigned long, void const*, unsigned long)
 .text._ZN14USBDeviceClass7armSendEmPKvm
                0x000058c4       0x48 c:\Users\eleve\Desktop\Lau\arduino\.build\mzero_pro_bl_dbg/core\core.a(USBCore.cpp.o)
                0x000058c4                USBDeviceClass::armSend(unsigned long, void const*, unsigned long)
 .text._ZN14USBDeviceClass11sendControlEPKvm
                0x0000590c       0x58 c:\Users\eleve\Desktop\Lau\arduino\.build\mzero_pro_bl_dbg/core\core.a(USBCore.cpp.o)
                0x0000590c                USBDeviceClass::sendControl(void const*, unsigned long)
 .text._ZN14USBDeviceClass20sendStringDescriptorEPKhh
                0x00005964       0x68 c:\Users\eleve\Desktop\Lau\arduino\.build\mzero_pro_bl_dbg/core\core.a(USBCore.cpp.o)
                0x00005964                USBDeviceClass::sendStringDescriptor(unsigned char const*, unsigned char)
 .text._ZN14USBDeviceClass12packMessagesEb.part.6
                0x000059cc       0x20 c:\Users\eleve\Desktop\Lau\arduino\.build\mzero_pro_bl_dbg/core\core.a(USBCore.cpp.o)
 .text._ZN14USBDeviceClass17sendConfigurationEm
                0x000059ec       0x90 c:\Users\eleve\Desktop\Lau\arduino\.build\mzero_pro_bl_dbg/core\core.a(USBCore.cpp.o)
                0x000059ec                USBDeviceClass::sendConfiguration(unsigned long)
 .text._ZN14USBDeviceClass14sendDescriptorER8USBSetup
                0x00005a7c       0xec c:\Users\eleve\Desktop\Lau\arduino\.build\mzero_pro_bl_dbg/core\core.a(USBCore.cpp.o)
                0x00005a7c                USBDeviceClass::sendDescriptor(USBSetup&)
 .text._ZN14USBDeviceClass19handleStandardSetupER8USBSetup
                0x00005b68      0x118 c:\Users\eleve\Desktop\Lau\arduino\.build\mzero_pro_bl_dbg/core\core.a(USBCore.cpp.o)
                0x00005b68                USBDeviceClass::handleStandardSetup(USBSetup&)
 .text._ZN14USBDeviceClass10ISRHandlerEv
                0x00005c80      0x150 c:\Users\eleve\Desktop\Lau\arduino\.build\mzero_pro_bl_dbg/core\core.a(USBCore.cpp.o)
                0x00005c80                USBDeviceClass::ISRHandler()
 .text.UDD_Handler
                0x00005dd0       0x10 c:\Users\eleve\Desktop\Lau\arduino\.build\mzero_pro_bl_dbg/core\core.a(USBCore.cpp.o)
                0x00005dd0                UDD_Handler
 .text.startup._GLOBAL__sub_I__ZN20USBDevice_SAMD21G18x5resetEv
                0x00005de0       0x10 c:\Users\eleve\Desktop\Lau\arduino\.build\mzero_pro_bl_dbg/core\core.a(USBCore.cpp.o)
 .text._ZN5Print5writeEPKhj
                0x00005df0       0x28 c:\Users\eleve\Desktop\Lau\arduino\.build\mzero_pro_bl_dbg/core\core.a(Print.cpp.o)
                0x00005df0                Print::write(unsigned char const*, unsigned int)
 .text._ZN10RingBufferC2Ev
                0x00005e18       0x16 c:\Users\eleve\Desktop\Lau\arduino\.build\mzero_pro_bl_dbg/core\core.a(RingBuffer.cpp.o)
                0x00005e18                RingBuffer::RingBuffer()
                0x00005e18                RingBuffer::RingBuffer()
 .text._ZN10RingBuffer10store_charEh
                0x00005e2e       0x16 c:\Users\eleve\Desktop\Lau\arduino\.build\mzero_pro_bl_dbg/core\core.a(RingBuffer.cpp.o)
                0x00005e2e                RingBuffer::store_char(unsigned char)
 .text._ZN10RingBuffer5clearEv
                0x00005e44        0x8 c:\Users\eleve\Desktop\Lau\arduino\.build\mzero_pro_bl_dbg/core\core.a(RingBuffer.cpp.o)
                0x00005e44                RingBuffer::clear()
 .text._ZN10RingBuffer9read_charEv
                0x00005e4c       0x1c c:\Users\eleve\Desktop\Lau\arduino\.build\mzero_pro_bl_dbg/core\core.a(RingBuffer.cpp.o)
                0x00005e4c                RingBuffer::read_char()
 .text._ZN10RingBuffer9availableEv
                0x00005e68        0xc c:\Users\eleve\Desktop\Lau\arduino\.build\mzero_pro_bl_dbg/core\core.a(RingBuffer.cpp.o)
                0x00005e68                RingBuffer::available()
 .text._ZN10RingBuffer17availableForStoreEv
                0x00005e74       0x14 c:\Users\eleve\Desktop\Lau\arduino\.build\mzero_pro_bl_dbg/core\core.a(RingBuffer.cpp.o)
                0x00005e74                RingBuffer::availableForStore()
 .text._ZN10RingBuffer4peekEv
                0x00005e88       0x12 c:\Users\eleve\Desktop\Lau\arduino\.build\mzero_pro_bl_dbg/core\core.a(RingBuffer.cpp.o)
                0x00005e88                RingBuffer::peek()
 .text._ZN10RingBuffer6isFullEv
                0x00005e9a       0x14 c:\Users\eleve\Desktop\Lau\arduino\.build\mzero_pro_bl_dbg/core\core.a(RingBuffer.cpp.o)
                0x00005e9a                RingBuffer::isFull()
 .text._Znwj    0x00005eae        0x8 c:\Users\eleve\Desktop\Lau\arduino\.build\mzero_pro_bl_dbg/core\core.a(new.cpp.o)
                0x00005eae                operator new(unsigned int)
 .text._ZN7Serial_17availableForWriteEv
                0x00005eb6        0x4 c:\Users\eleve\Desktop\Lau\arduino\.build\mzero_pro_bl_dbg/core\core.a(CDC.cpp.o)
                0x00005eb6                Serial_::availableForWrite()
 .text._ZN7Serial_5writeEh
                0x00005eba       0x14 c:\Users\eleve\Desktop\Lau\arduino\.build\mzero_pro_bl_dbg/core\core.a(CDC.cpp.o)
                0x00005eba                Serial_::write(unsigned char)
 .text._ZN7Serial_9availableEv
                0x00005ece        0xc c:\Users\eleve\Desktop\Lau\arduino\.build\mzero_pro_bl_dbg/core\core.a(CDC.cpp.o)
                0x00005ece                Serial_::available()
 .text._ZN7Serial_5flushEv
                0x00005eda        0xc c:\Users\eleve\Desktop\Lau\arduino\.build\mzero_pro_bl_dbg/core\core.a(CDC.cpp.o)
                0x00005eda                Serial_::flush()
 .text._ZN7Serial_5writeEPKhj
                0x00005ee6       0x1c c:\Users\eleve\Desktop\Lau\arduino\.build\mzero_pro_bl_dbg/core\core.a(CDC.cpp.o)
                0x00005ee6                Serial_::write(unsigned char const*, unsigned int)
 *fill*         0x00005f02        0x2 
 .text._ZN7Serial_4peekEv
                0x00005f04       0x1c c:\Users\eleve\Desktop\Lau\arduino\.build\mzero_pro_bl_dbg/core\core.a(CDC.cpp.o)
                0x00005f04                Serial_::peek()
 .text._ZN7Serial_4readEv
                0x00005f20       0x24 c:\Users\eleve\Desktop\Lau\arduino\.build\mzero_pro_bl_dbg/core\core.a(CDC.cpp.o)
                0x00005f20                Serial_::read()
 .text._Z16CDC_GetInterfacePh
                0x00005f44       0x1c c:\Users\eleve\Desktop\Lau\arduino\.build\mzero_pro_bl_dbg/core\core.a(CDC.cpp.o)
                0x00005f44                CDC_GetInterface(unsigned char*)
 .text._Z9CDC_SetupR8USBSetup
                0x00005f60       0x80 c:\Users\eleve\Desktop\Lau\arduino\.build\mzero_pro_bl_dbg/core\core.a(CDC.cpp.o)
                0x00005f60                CDC_Setup(USBSetup&)
 .text.startup._GLOBAL__sub_I__Z17_CDC_GetInterfacev
                0x00005fe0       0x28 c:\Users\eleve\Desktop\Lau\arduino\.build\mzero_pro_bl_dbg/core\core.a(CDC.cpp.o)
 .text._ZN13PluggableUSB_12getInterfaceEPh
                0x00006008       0x2a c:\Users\eleve\Desktop\Lau\arduino\.build\mzero_pro_bl_dbg/core\core.a(PluggableUSB.cpp.o)
                0x00006008                PluggableUSB_::getInterface(unsigned char*)
 .text._ZN13PluggableUSB_13getDescriptorER8USBSetup
                0x00006032       0x20 c:\Users\eleve\Desktop\Lau\arduino\.build\mzero_pro_bl_dbg/core\core.a(PluggableUSB.cpp.o)
                0x00006032                PluggableUSB_::getDescriptor(USBSetup&)
 .text._ZN13PluggableUSB_12getShortNameEPc
                0x00006052       0x1e c:\Users\eleve\Desktop\Lau\arduino\.build\mzero_pro_bl_dbg/core\core.a(PluggableUSB.cpp.o)
                0x00006052                PluggableUSB_::getShortName(char*)
 .text._ZN13PluggableUSB_5setupER8USBSetup
                0x00006070       0x24 c:\Users\eleve\Desktop\Lau\arduino\.build\mzero_pro_bl_dbg/core\core.a(PluggableUSB.cpp.o)
                0x00006070                PluggableUSB_::setup(USBSetup&)
 .text._Z12PluggableUSBv
                0x00006094       0x24 c:\Users\eleve\Desktop\Lau\arduino\.build\mzero_pro_bl_dbg/core\core.a(PluggableUSB.cpp.o)
                0x00006094                PluggableUSB()
 .text          0x000060b8       0x14 c:/users/eleve/appdata/local/arduino15/packages/arduino/tools/arm-none-eabi-gcc/4.8.3-2014q1/bin/../lib/gcc/arm-none-eabi/4.8.3/armv6-m\libgcc.a(_thumb1_case_uqi.o)
                0x000060b8                __gnu_thumb1_case_uqi
 .text          0x000060cc       0x9c c:/users/eleve/appdata/local/arduino15/packages/arduino/tools/arm-none-eabi-gcc/4.8.3-2014q1/bin/../lib/gcc/arm-none-eabi/4.8.3/armv6-m\libgcc.a(_udivsi3.o)
                0x000060cc                __aeabi_uidiv
                0x000060cc                __udivsi3
                0x00006154                __aeabi_uidivmod
 .text          0x00006168        0x4 c:/users/eleve/appdata/local/arduino15/packages/arduino/tools/arm-none-eabi-gcc/4.8.3-2014q1/bin/../lib/gcc/arm-none-eabi/4.8.3/armv6-m\libgcc.a(_dvmd_tls.o)
                0x00006168                __aeabi_idiv0
                0x00006168                __aeabi_ldiv0
 .text.__libc_init_array
                0x0000616c       0x4c c:/users/eleve/appdata/local/arduino15/packages/arduino/tools/arm-none-eabi-gcc/4.8.3-2014q1/bin/../lib/gcc/arm-none-eabi/4.8.3/../../../../arm-none-eabi/lib/armv6-m\libc_s.a(lib_a-init.o)
                0x0000616c                __libc_init_array
 .text.malloc   0x000061b8       0x14 c:/users/eleve/appdata/local/arduino15/packages/arduino/tools/arm-none-eabi-gcc/4.8.3-2014q1/bin/../lib/gcc/arm-none-eabi/4.8.3/../../../../arm-none-eabi/lib/armv6-m\libc_s.a(lib_a-malloc.o)
                0x000061b8                malloc
 .text.memcpy   0x000061cc       0x12 c:/users/eleve/appdata/local/arduino15/packages/arduino/tools/arm-none-eabi-gcc/4.8.3-2014q1/bin/../lib/gcc/arm-none-eabi/4.8.3/../../../../arm-none-eabi/lib/armv6-m\libc_s.a(lib_a-memcpy-stub.o)
                0x000061cc                memcpy
 .text.memset   0x000061de       0x10 c:/users/eleve/appdata/local/arduino15/packages/arduino/tools/arm-none-eabi-gcc/4.8.3-2014q1/bin/../lib/gcc/arm-none-eabi/4.8.3/../../../../arm-none-eabi/lib/armv6-m\libc_s.a(lib_a-memset.o)
                0x000061de                memset
 *fill*         0x000061ee        0x2 
 .text._malloc_r
                0x000061f0       0xa8 c:/users/eleve/appdata/local/arduino15/packages/arduino/tools/arm-none-eabi-gcc/4.8.3-2014q1/bin/../lib/gcc/arm-none-eabi/4.8.3/../../../../arm-none-eabi/lib/armv6-m\libc_s.a(lib_a-nano-mallocr.o)
                0x000061f0                _malloc_r
 .text._sbrk_r  0x00006298       0x24 c:/users/eleve/appdata/local/arduino15/packages/arduino/tools/arm-none-eabi-gcc/4.8.3-2014q1/bin/../lib/gcc/arm-none-eabi/4.8.3/../../../../arm-none-eabi/lib/armv6-m\libc_s.a(lib_a-sbrkr.o)
                0x00006298                _sbrk_r
 .text.strlen   0x000062bc        0xe c:/users/eleve/appdata/local/arduino15/packages/arduino/tools/arm-none-eabi-gcc/4.8.3-2014q1/bin/../lib/gcc/arm-none-eabi/4.8.3/../../../../arm-none-eabi/lib/armv6-m\libc_s.a(lib_a-strlen.o)
                0x000062bc                strlen
 *fill*         0x000062ca        0x2 
 .text._sbrk    0x000062cc       0x34 c:/users/eleve/appdata/local/arduino15/packages/arduino/tools/arm-none-eabi-gcc/4.8.3-2014q1/bin/../lib/gcc/arm-none-eabi/4.8.3/../../../../arm-none-eabi/lib/armv6-m\libnosys.a(sbrk.o)
                0x000062cc                _sbrk
 *(.init)
 .init          0x00006300        0x4 c:/users/eleve/appdata/local/arduino15/packages/arduino/tools/arm-none-eabi-gcc/4.8.3-2014q1/bin/../lib/gcc/arm-none-eabi/4.8.3/armv6-m/crti.o
                0x00006300                _init
 .init          0x00006304        0x8 c:/users/eleve/appdata/local/arduino15/packages/arduino/tools/arm-none-eabi-gcc/4.8.3-2014q1/bin/../lib/gcc/arm-none-eabi/4.8.3/armv6-m/crtn.o
 *(.fini)
 .fini          0x0000630c        0x4 c:/users/eleve/appdata/local/arduino15/packages/arduino/tools/arm-none-eabi-gcc/4.8.3-2014q1/bin/../lib/gcc/arm-none-eabi/4.8.3/armv6-m/crti.o
                0x0000630c                _fini
 .fini          0x00006310        0x8 c:/users/eleve/appdata/local/arduino15/packages/arduino/tools/arm-none-eabi-gcc/4.8.3-2014q1/bin/../lib/gcc/arm-none-eabi/4.8.3/armv6-m/crtn.o
 *crtbegin.o(.ctors)
 *crtbegin?.o(.ctors)
 *(EXCLUDE_FILE(*crtend.o *crtend?.o) .ctors)
 *(SORT(.ctors.*))
 *(.ctors)
 *crtbegin.o(.dtors)
 *crtbegin?.o(.dtors)
 *(EXCLUDE_FILE(*crtend.o *crtend?.o) .dtors)
 *(SORT(.dtors.*))
 *(.dtors)
 *(.rodata*)
 .rodata.g_APinDescription
                0x00006318      0x480 c:\Users\eleve\Desktop\Lau\arduino\.build\mzero_pro_bl_dbg\core\variant.cpp.o
                0x00006318                g_APinDescription
 .rodata._ZTV4Uart
                0x00006798       0x38 c:\Users\eleve\Desktop\Lau\arduino\.build\mzero_pro_bl_dbg/core\core.a(Uart.cpp.o)
                0x00006798                vtable for Uart
 .rodata._ZTV26DoubleBufferedEPOutHandler
                0x000067d0       0x18 c:\Users\eleve\Desktop\Lau\arduino\.build\mzero_pro_bl_dbg/core\core.a(USBCore.cpp.o)
                0x000067d0                vtable for DoubleBufferedEPOutHandler
 .rodata._ZL19STRING_MANUFACTURER
                0x000067e8        0x8 c:\Users\eleve\Desktop\Lau\arduino\.build\mzero_pro_bl_dbg/core\core.a(USBCore.cpp.o)
 .rodata._ZL15STRING_LANGUAGE
                0x000067f0        0x4 c:\Users\eleve\Desktop\Lau\arduino\.build\mzero_pro_bl_dbg/core\core.a(USBCore.cpp.o)
 .rodata._ZL21USB_DeviceDescriptorB
                0x000067f4       0x12 c:\Users\eleve\Desktop\Lau\arduino\.build\mzero_pro_bl_dbg/core\core.a(USBCore.cpp.o)
 .rodata._ZL14STRING_PRODUCT
                0x00006806        0xf c:\Users\eleve\Desktop\Lau\arduino\.build\mzero_pro_bl_dbg/core\core.a(USBCore.cpp.o)
 *fill*         0x00006815        0x3 
 .rodata._ZTV7Serial_
                0x00006818       0x28 c:\Users\eleve\Desktop\Lau\arduino\.build\mzero_pro_bl_dbg/core\core.a(CDC.cpp.o)
                0x00006818                vtable for Serial_
 .rodata.str1.1
                0x00006840        0x2 c:/users/eleve/appdata/local/arduino15/packages/arduino/tools/arm-none-eabi-gcc/4.8.3-2014q1/bin/../lib/gcc/arm-none-eabi/4.8.3/../../../../arm-none-eabi/lib/armv6-m\libc_s.a(lib_a-impure.o)
 *(.eh_frame*)
 *fill*         0x00006842        0x2 
 .eh_frame      0x00006844        0x0 c:/users/eleve/appdata/local/arduino15/packages/arduino/tools/arm-none-eabi-gcc/4.8.3-2014q1/bin/../lib/gcc/arm-none-eabi/4.8.3/armv6-m/crtbegin.o
 .eh_frame      0x00006844        0x4 c:/users/eleve/appdata/local/arduino15/packages/arduino/tools/arm-none-eabi-gcc/4.8.3-2014q1/bin/../lib/gcc/arm-none-eabi/4.8.3/armv6-m/crtend.o

.glue_7         0x00006848        0x0
 .glue_7        0x00000000        0x0 linker stubs

.glue_7t        0x00006848        0x0
 .glue_7t       0x00000000        0x0 linker stubs

.vfp11_veneer   0x00006848        0x0
 .vfp11_veneer  0x00000000        0x0 linker stubs

.v4_bx          0x00006848        0x0
 .v4_bx         0x00000000        0x0 linker stubs

.iplt           0x00006848        0x0
 .iplt          0x00000000        0x0 c:/users/eleve/appdata/local/arduino15/packages/arduino/tools/arm-none-eabi-gcc/4.8.3-2014q1/bin/../lib/gcc/arm-none-eabi/4.8.3/armv6-m/crtbegin.o

.rel.dyn        0x00006848        0x0
 .rel.iplt      0x00000000        0x0 c:/users/eleve/appdata/local/arduino15/packages/arduino/tools/arm-none-eabi-gcc/4.8.3-2014q1/bin/../lib/gcc/arm-none-eabi/4.8.3/armv6-m/crtbegin.o

.ARM.extab
 *(.ARM.extab* .gnu.linkonce.armextab.*)
                0x00006848                __exidx_start = .

.ARM.exidx
 *(.ARM.exidx* .gnu.linkonce.armexidx.*)
                0x00006848                __exidx_end = .
                0x00006848                __etext = .

.data           0x20000000      0x108 load address 0x00006848
                0x20000000                __data_start__ = .
 *(vtable)
 *(.data*)
 .data.SystemCoreClock
                0x20000000        0x4 c:\Users\eleve\Desktop\Lau\arduino\.build\mzero_pro_bl_dbg/core\core.a(wiring.c.o)
                0x20000000                SystemCoreClock
 .data._ADCResolution
                0x20000004        0x4 c:\Users\eleve\Desktop\Lau\arduino\.build\mzero_pro_bl_dbg/core\core.a(wiring_analog.c.o)
 .data._readResolution
                0x20000008        0x4 c:\Users\eleve\Desktop\Lau\arduino\.build\mzero_pro_bl_dbg/core\core.a(wiring_analog.c.o)
 .data._ZL5ticks
                0x2000000c        0x4 c:\Users\eleve\Desktop\Lau\arduino\.build\mzero_pro_bl_dbg/core\core.a(Reset.cpp.o)
 .data.EndPoints
                0x20000010       0x28 c:\Users\eleve\Desktop\Lau\arduino\.build\mzero_pro_bl_dbg/core\core.a(USBCore.cpp.o)
                0x20000010                EndPoints
 .data._ZL12_usbLineInfo
                0x20000038        0x8 c:\Users\eleve\Desktop\Lau\arduino\.build\mzero_pro_bl_dbg/core\core.a(CDC.cpp.o)
 .data._ZL10breakValue
                0x20000040        0x4 c:\Users\eleve\Desktop\Lau\arduino\.build\mzero_pro_bl_dbg/core\core.a(CDC.cpp.o)
 .data._ZL13_cdcInterface
                0x20000044       0x42 c:\Users\eleve\Desktop\Lau\arduino\.build\mzero_pro_bl_dbg/core\core.a(CDC.cpp.o)
 *fill*         0x20000086        0x2 
 .data._serialPeek
                0x20000088        0x4 c:\Users\eleve\Desktop\Lau\arduino\.build\mzero_pro_bl_dbg/core\core.a(CDC.cpp.o)
                0x20000088                _serialPeek
 .data.impure_data
                0x2000008c       0x60 c:/users/eleve/appdata/local/arduino15/packages/arduino/tools/arm-none-eabi-gcc/4.8.3-2014q1/bin/../lib/gcc/arm-none-eabi/4.8.3/../../../../arm-none-eabi/lib/armv6-m\libc_s.a(lib_a-impure.o)
 .data._impure_ptr
                0x200000ec        0x4 c:/users/eleve/appdata/local/arduino15/packages/arduino/tools/arm-none-eabi-gcc/4.8.3-2014q1/bin/../lib/gcc/arm-none-eabi/4.8.3/../../../../arm-none-eabi/lib/armv6-m\libc_s.a(lib_a-impure.o)
                0x200000ec                _impure_ptr
                0x200000f0                . = ALIGN (0x4)
                0x200000f0                PROVIDE (__preinit_array_start, .)
 *(.preinit_array)
                0x200000f0                PROVIDE (__preinit_array_end, .)
                0x200000f0                . = ALIGN (0x4)
                0x200000f0                PROVIDE (__init_array_start, .)
 *(SORT(.init_array.*))
 *(.init_array)
 .init_array    0x200000f0        0x4 c:/users/eleve/appdata/local/arduino15/packages/arduino/tools/arm-none-eabi-gcc/4.8.3-2014q1/bin/../lib/gcc/arm-none-eabi/4.8.3/armv6-m/crtbegin.o
 .init_array    0x200000f4        0x4 c:\Users\eleve\Desktop\Lau\arduino\.build\mzero_pro_bl_dbg\core\variant.cpp.o
 .init_array    0x200000f8        0x4 c:\Users\eleve\Desktop\Lau\arduino\.build\mzero_pro_bl_dbg/core\core.a(USBCore.cpp.o)
 .init_array    0x200000fc        0x4 c:\Users\eleve\Desktop\Lau\arduino\.build\mzero_pro_bl_dbg/core\core.a(CDC.cpp.o)
                0x20000100                PROVIDE (__init_array_end, .)
                0x20000100                . = ALIGN (0x4)
                0x20000100                PROVIDE (__fini_array_start, .)
 *(SORT(.fini_array.*))
 *(.fini_array)
 .fini_array    0x20000100        0x4 c:/users/eleve/appdata/local/arduino15/packages/arduino/tools/arm-none-eabi-gcc/4.8.3-2014q1/bin/../lib/gcc/arm-none-eabi/4.8.3/armv6-m/crtbegin.o
                0x20000104                PROVIDE (__fini_array_end, .)
 *(.jcr*)
 .jcr           0x20000104        0x0 c:/users/eleve/appdata/local/arduino15/packages/arduino/tools/arm-none-eabi-gcc/4.8.3-2014q1/bin/../lib/gcc/arm-none-eabi/4.8.3/armv6-m/crtbegin.o
 .jcr           0x20000104        0x4 c:/users/eleve/appdata/local/arduino15/packages/arduino/tools/arm-none-eabi-gcc/4.8.3-2014q1/bin/../lib/gcc/arm-none-eabi/4.8.3/armv6-m/crtend.o
                0x20000108                . = ALIGN (0x4)
                0x20000108                __data_end__ = .

.igot.plt       0x20000108        0x0 load address 0x00006950
 .igot.plt      0x00000000        0x0 c:/users/eleve/appdata/local/arduino15/packages/arduino/tools/arm-none-eabi-gcc/4.8.3-2014q1/bin/../lib/gcc/arm-none-eabi/4.8.3/armv6-m/crtbegin.o

.bss            0x20000108      0x7b0 load address 0x00006950
                0x20000108                . = ALIGN (0x4)
                0x20000108                __bss_start__ = .
 *(.bss*)
 .bss           0x20000108       0x1c c:/users/eleve/appdata/local/arduino15/packages/arduino/tools/arm-none-eabi-gcc/4.8.3-2014q1/bin/../lib/gcc/arm-none-eabi/4.8.3/armv6-m/crtbegin.o
 .bss._ZZ4loopE11potPosition
                0x20000124        0x4 c:\Users\eleve\Desktop\Lau\arduino\.build\mzero_pro_bl_dbg\sketch\main.ino.cpp.o
 .bss.Serial    0x20000128       0xbc c:\Users\eleve\Desktop\Lau\arduino\.build\mzero_pro_bl_dbg\core\variant.cpp.o
                0x20000128                Serial
 .bss.Serial1   0x200001e4       0xbc c:\Users\eleve\Desktop\Lau\arduino\.build\mzero_pro_bl_dbg\core\variant.cpp.o
                0x200001e4                Serial1
 .bss.sercom3   0x200002a0        0x4 c:\Users\eleve\Desktop\Lau\arduino\.build\mzero_pro_bl_dbg\core\variant.cpp.o
                0x200002a0                sercom3
 .bss.sercom0   0x200002a4        0x4 c:\Users\eleve\Desktop\Lau\arduino\.build\mzero_pro_bl_dbg\core\variant.cpp.o
                0x200002a4                sercom0
 .bss.sercom1   0x200002a8        0x4 c:\Users\eleve\Desktop\Lau\arduino\.build\mzero_pro_bl_dbg\core\variant.cpp.o
                0x200002a8                sercom1
 .bss.sercom2   0x200002ac        0x4 c:\Users\eleve\Desktop\Lau\arduino\.build\mzero_pro_bl_dbg\core\variant.cpp.o
                0x200002ac                sercom2
 .bss.sercom4   0x200002b0        0x4 c:\Users\eleve\Desktop\Lau\arduino\.build\mzero_pro_bl_dbg\core\variant.cpp.o
                0x200002b0                sercom4
 .bss.sercom5   0x200002b4        0x4 c:\Users\eleve\Desktop\Lau\arduino\.build\mzero_pro_bl_dbg\core\variant.cpp.o
                0x200002b4                sercom5
 .bss.usb_isr   0x200002b8        0x4 c:\Users\eleve\Desktop\Lau\arduino\.build\mzero_pro_bl_dbg/core\core.a(cortex_handlers.c.o)
 .bss._ulTickCount
                0x200002bc        0x4 c:\Users\eleve\Desktop\Lau\arduino\.build\mzero_pro_bl_dbg/core\core.a(delay.c.o)
 .bss._ZL14isEndpointHalt
                0x200002c0        0x1 c:\Users\eleve\Desktop\Lau\arduino\.build\mzero_pro_bl_dbg/core\core.a(USBCore.cpp.o)
 .bss._pack_buffer
                0x200002c1      0x100 c:\Users\eleve\Desktop\Lau\arduino\.build\mzero_pro_bl_dbg/core\core.a(USBCore.cpp.o)
                0x200002c1                _pack_buffer
 *fill*         0x200003c1        0x1 
 .bss._pack_size
                0x200003c2        0x2 c:\Users\eleve\Desktop\Lau\arduino\.build\mzero_pro_bl_dbg/core\core.a(USBCore.cpp.o)
                0x200003c2                _pack_size
 .bss._ZL20LastTransmitTimedOut
                0x200003c4        0x7 c:\Users\eleve\Desktop\Lau\arduino\.build\mzero_pro_bl_dbg/core\core.a(USBCore.cpp.o)
 *fill*         0x200003cb        0x1 
 .bss._ZL22udd_ep_in_cache_buffer
                0x200003cc      0x1c0 c:\Users\eleve\Desktop\Lau\arduino\.build\mzero_pro_bl_dbg/core\core.a(USBCore.cpp.o)
 .bss._ZL10txLEDPulse
                0x2000058c        0x1 c:\Users\eleve\Desktop\Lau\arduino\.build\mzero_pro_bl_dbg/core\core.a(USBCore.cpp.o)
 *fill*         0x2000058d        0x3 
 .bss._ZL23udd_ep_out_cache_buffer
                0x20000590      0x1c0 c:\Users\eleve\Desktop\Lau\arduino\.build\mzero_pro_bl_dbg/core\core.a(USBCore.cpp.o)
 .bss._ZL10epHandlers
                0x20000750       0x1c c:\Users\eleve\Desktop\Lau\arduino\.build\mzero_pro_bl_dbg/core\core.a(USBCore.cpp.o)
 .bss._pack_message
                0x2000076c        0x1 c:\Users\eleve\Desktop\Lau\arduino\.build\mzero_pro_bl_dbg/core\core.a(USBCore.cpp.o)
                0x2000076c                _pack_message
 .bss._ZL21isRemoteWakeUpEnabled
                0x2000076d        0x1 c:\Users\eleve\Desktop\Lau\arduino\.build\mzero_pro_bl_dbg/core\core.a(USBCore.cpp.o)
 .bss._dry_run  0x2000076e        0x1 c:\Users\eleve\Desktop\Lau\arduino\.build\mzero_pro_bl_dbg/core\core.a(USBCore.cpp.o)
                0x2000076e                _dry_run
 .bss.USBDevice
                0x2000076f        0x1 c:\Users\eleve\Desktop\Lau\arduino\.build\mzero_pro_bl_dbg/core\core.a(USBCore.cpp.o)
                0x2000076f                USBDevice
 .bss._usbSetInterface
                0x20000770        0x4 c:\Users\eleve\Desktop\Lau\arduino\.build\mzero_pro_bl_dbg/core\core.a(USBCore.cpp.o)
                0x20000770                _usbSetInterface
 .bss._ZL10rxLEDPulse
                0x20000774        0x1 c:\Users\eleve\Desktop\Lau\arduino\.build\mzero_pro_bl_dbg/core\core.a(USBCore.cpp.o)
 *fill*         0x20000775        0x3 
 .bss.usbd      0x20000778      0x104 c:\Users\eleve\Desktop\Lau\arduino\.build\mzero_pro_bl_dbg/core\core.a(USBCore.cpp.o)
                0x20000778                usbd
 .bss._usbConfiguration
                0x2000087c        0x4 c:\Users\eleve\Desktop\Lau\arduino\.build\mzero_pro_bl_dbg/core\core.a(USBCore.cpp.o)
                0x2000087c                _usbConfiguration
 .bss.SerialUSB
                0x20000880       0x1c c:\Users\eleve\Desktop\Lau\arduino\.build\mzero_pro_bl_dbg/core\core.a(CDC.cpp.o)
                0x20000880                SerialUSB
 .bss._ZZ12PluggableUSBvE3obj
                0x2000089c        0x8 c:\Users\eleve\Desktop\Lau\arduino\.build\mzero_pro_bl_dbg/core\core.a(PluggableUSB.cpp.o)
 .bss._ZGVZ12PluggableUSBvE3obj
                0x200008a4        0x4 c:\Users\eleve\Desktop\Lau\arduino\.build\mzero_pro_bl_dbg/core\core.a(PluggableUSB.cpp.o)
 .bss.__malloc_sbrk_start
                0x200008a8        0x4 c:/users/eleve/appdata/local/arduino15/packages/arduino/tools/arm-none-eabi-gcc/4.8.3-2014q1/bin/../lib/gcc/arm-none-eabi/4.8.3/../../../../arm-none-eabi/lib/armv6-m\libc_s.a(lib_a-nano-mallocr.o)
                0x200008a8                __malloc_sbrk_start
 .bss.__malloc_free_list
                0x200008ac        0x4 c:/users/eleve/appdata/local/arduino15/packages/arduino/tools/arm-none-eabi-gcc/4.8.3-2014q1/bin/../lib/gcc/arm-none-eabi/4.8.3/../../../../arm-none-eabi/lib/armv6-m\libc_s.a(lib_a-nano-mallocr.o)
                0x200008ac                __malloc_free_list
 .bss.heap_end.4243
                0x200008b0        0x4 c:/users/eleve/appdata/local/arduino15/packages/arduino/tools/arm-none-eabi-gcc/4.8.3-2014q1/bin/../lib/gcc/arm-none-eabi/4.8.3/../../../../arm-none-eabi/lib/armv6-m\libnosys.a(sbrk.o)
 *(COMMON)
 COMMON         0x200008b4        0x4 c:/users/eleve/appdata/local/arduino15/packages/arduino/tools/arm-none-eabi-gcc/4.8.3-2014q1/bin/../lib/gcc/arm-none-eabi/4.8.3/../../../../arm-none-eabi/lib/armv6-m\libc_s.a(lib_a-reent.o)
                0x200008b4                errno
                0x200008b8                . = ALIGN (0x4)
                0x200008b8                __bss_end__ = .

.heap           0x200008b8        0x0
                0x200008b8                __end__ = .
                0x200008b8                PROVIDE (end, .)
 *(.heap*)
                0x200008b8                __HeapLimit = .

.stack_dummy    0x200008b8        0x0
 *(.stack*)
                0x20008000                __StackTop = (ORIGIN (RAM) + 0x8000)
                0x20008000                __StackLimit = (__StackTop - SIZEOF (.stack_dummy))
                0x20008000                PROVIDE (__stack, __StackTop)
                0x20007fff                __ram_end__ = ((ORIGIN (RAM) + 0x8000) - 0x1)
                0x00000001                ASSERT ((__StackLimit >= __HeapLimit), region RAM overflowed with stack)
OUTPUT(c:\Users\eleve\Desktop\Lau\arduino\.build\mzero_pro_bl_dbg/main.ino.elf elf32-littlearm)

.ARM.attributes
                0x00000000       0x28
 .ARM.attributes
                0x00000000       0x1e c:/users/eleve/appdata/local/arduino15/packages/arduino/tools/arm-none-eabi-gcc/4.8.3-2014q1/bin/../lib/gcc/arm-none-eabi/4.8.3/armv6-m/crti.o
 .ARM.attributes
                0x0000001e       0x2c c:/users/eleve/appdata/local/arduino15/packages/arduino/tools/arm-none-eabi-gcc/4.8.3-2014q1/bin/../lib/gcc/arm-none-eabi/4.8.3/armv6-m/crtbegin.o
 .ARM.attributes
                0x0000004a       0x32 c:\Users\eleve\Desktop\Lau\arduino\.build\mzero_pro_bl_dbg\sketch\main.ino.cpp.o
 .ARM.attributes
                0x0000007c       0x32 c:\Users\eleve\Desktop\Lau\arduino\.build\mzero_pro_bl_dbg\core\variant.cpp.o
 .ARM.attributes
                0x000000ae       0x32 c:\Users\eleve\Desktop\Lau\arduino\.build\mzero_pro_bl_dbg/core\core.a(cortex_handlers.c.o)
 .ARM.attributes
                0x000000e0       0x32 c:\Users\eleve\Desktop\Lau\arduino\.build\mzero_pro_bl_dbg/core\core.a(delay.c.o)
 .ARM.attributes
                0x00000112       0x32 c:\Users\eleve\Desktop\Lau\arduino\.build\mzero_pro_bl_dbg/core\core.a(hooks.c.o)
 .ARM.attributes
                0x00000144       0x32 c:\Users\eleve\Desktop\Lau\arduino\.build\mzero_pro_bl_dbg/core\core.a(startup.c.o)
 .ARM.attributes
                0x00000176       0x32 c:\Users\eleve\Desktop\Lau\arduino\.build\mzero_pro_bl_dbg/core\core.a(wiring.c.o)
 .ARM.attributes
                0x000001a8       0x32 c:\Users\eleve\Desktop\Lau\arduino\.build\mzero_pro_bl_dbg/core\core.a(wiring_analog.c.o)
 .ARM.attributes
                0x000001da       0x32 c:\Users\eleve\Desktop\Lau\arduino\.build\mzero_pro_bl_dbg/core\core.a(wiring_digital.c.o)
 .ARM.attributes
                0x0000020c       0x32 c:\Users\eleve\Desktop\Lau\arduino\.build\mzero_pro_bl_dbg/core\core.a(wiring_private.c.o)
 .ARM.attributes
                0x0000023e       0x32 c:\Users\eleve\Desktop\Lau\arduino\.build\mzero_pro_bl_dbg/core\core.a(Reset.cpp.o)
 .ARM.attributes
                0x00000270       0x32 c:\Users\eleve\Desktop\Lau\arduino\.build\mzero_pro_bl_dbg/core\core.a(SERCOM.cpp.o)
 .ARM.attributes
                0x000002a2       0x32 c:\Users\eleve\Desktop\Lau\arduino\.build\mzero_pro_bl_dbg/core\core.a(Uart.cpp.o)
 .ARM.attributes
                0x000002d4       0x32 c:\Users\eleve\Desktop\Lau\arduino\.build\mzero_pro_bl_dbg/core\core.a(main.cpp.o)
 .ARM.attributes
                0x00000306       0x32 c:\Users\eleve\Desktop\Lau\arduino\.build\mzero_pro_bl_dbg/core\core.a(USBCore.cpp.o)
 .ARM.attributes
                0x00000338       0x32 c:\Users\eleve\Desktop\Lau\arduino\.build\mzero_pro_bl_dbg/core\core.a(Print.cpp.o)
 .ARM.attributes
                0x0000036a       0x32 c:\Users\eleve\Desktop\Lau\arduino\.build\mzero_pro_bl_dbg/core\core.a(RingBuffer.cpp.o)
 .ARM.attributes
                0x0000039c       0x32 c:\Users\eleve\Desktop\Lau\arduino\.build\mzero_pro_bl_dbg/core\core.a(new.cpp.o)
 .ARM.attributes
                0x000003ce       0x32 c:\Users\eleve\Desktop\Lau\arduino\.build\mzero_pro_bl_dbg/core\core.a(CDC.cpp.o)
 .ARM.attributes
                0x00000400       0x32 c:\Users\eleve\Desktop\Lau\arduino\.build\mzero_pro_bl_dbg/core\core.a(PluggableUSB.cpp.o)
 .ARM.attributes
                0x00000432       0x1e c:/users/eleve/appdata/local/arduino15/packages/arduino/tools/arm-none-eabi-gcc/4.8.3-2014q1/bin/../lib/gcc/arm-none-eabi/4.8.3/armv6-m\libgcc.a(_thumb1_case_uqi.o)
 .ARM.attributes
                0x00000450       0x1e c:/users/eleve/appdata/local/arduino15/packages/arduino/tools/arm-none-eabi-gcc/4.8.3-2014q1/bin/../lib/gcc/arm-none-eabi/4.8.3/armv6-m\libgcc.a(_udivsi3.o)
 .ARM.attributes
                0x0000046e       0x1e c:/users/eleve/appdata/local/arduino15/packages/arduino/tools/arm-none-eabi-gcc/4.8.3-2014q1/bin/../lib/gcc/arm-none-eabi/4.8.3/armv6-m\libgcc.a(_dvmd_tls.o)
 .ARM.attributes
                0x0000048c       0x2c c:/users/eleve/appdata/local/arduino15/packages/arduino/tools/arm-none-eabi-gcc/4.8.3-2014q1/bin/../lib/gcc/arm-none-eabi/4.8.3/../../../../arm-none-eabi/lib/armv6-m\libc_s.a(lib_a-impure.o)
 .ARM.attributes
                0x000004b8       0x2c c:/users/eleve/appdata/local/arduino15/packages/arduino/tools/arm-none-eabi-gcc/4.8.3-2014q1/bin/../lib/gcc/arm-none-eabi/4.8.3/../../../../arm-none-eabi/lib/armv6-m\libc_s.a(lib_a-init.o)
 .ARM.attributes
                0x000004e4       0x2c c:/users/eleve/appdata/local/arduino15/packages/arduino/tools/arm-none-eabi-gcc/4.8.3-2014q1/bin/../lib/gcc/arm-none-eabi/4.8.3/../../../../arm-none-eabi/lib/armv6-m\libc_s.a(lib_a-malloc.o)
 .ARM.attributes
                0x00000510       0x2c c:/users/eleve/appdata/local/arduino15/packages/arduino/tools/arm-none-eabi-gcc/4.8.3-2014q1/bin/../lib/gcc/arm-none-eabi/4.8.3/../../../../arm-none-eabi/lib/armv6-m\libc_s.a(lib_a-memcpy-stub.o)
 .ARM.attributes
                0x0000053c       0x2c c:/users/eleve/appdata/local/arduino15/packages/arduino/tools/arm-none-eabi-gcc/4.8.3-2014q1/bin/../lib/gcc/arm-none-eabi/4.8.3/../../../../arm-none-eabi/lib/armv6-m\libc_s.a(lib_a-memset.o)
 .ARM.attributes
                0x00000568       0x2c c:/users/eleve/appdata/local/arduino15/packages/arduino/tools/arm-none-eabi-gcc/4.8.3-2014q1/bin/../lib/gcc/arm-none-eabi/4.8.3/../../../../arm-none-eabi/lib/armv6-m\libc_s.a(lib_a-nano-mallocr.o)
 .ARM.attributes
                0x00000594       0x2c c:/users/eleve/appdata/local/arduino15/packages/arduino/tools/arm-none-eabi-gcc/4.8.3-2014q1/bin/../lib/gcc/arm-none-eabi/4.8.3/../../../../arm-none-eabi/lib/armv6-m\libc_s.a(lib_a-sbrkr.o)
 .ARM.attributes
                0x000005c0       0x2c c:/users/eleve/appdata/local/arduino15/packages/arduino/tools/arm-none-eabi-gcc/4.8.3-2014q1/bin/../lib/gcc/arm-none-eabi/4.8.3/../../../../arm-none-eabi/lib/armv6-m\libc_s.a(lib_a-strlen.o)
 .ARM.attributes
                0x000005ec       0x2c c:/users/eleve/appdata/local/arduino15/packages/arduino/tools/arm-none-eabi-gcc/4.8.3-2014q1/bin/../lib/gcc/arm-none-eabi/4.8.3/../../../../arm-none-eabi/lib/armv6-m\libc_s.a(lib_a-reent.o)
 .ARM.attributes
                0x00000618       0x2c c:/users/eleve/appdata/local/arduino15/packages/arduino/tools/arm-none-eabi-gcc/4.8.3-2014q1/bin/../lib/gcc/arm-none-eabi/4.8.3/../../../../arm-none-eabi/lib/armv6-m\libnosys.a(sbrk.o)
 .ARM.attributes
                0x00000644       0x2c c:/users/eleve/appdata/local/arduino15/packages/arduino/tools/arm-none-eabi-gcc/4.8.3-2014q1/bin/../lib/gcc/arm-none-eabi/4.8.3/armv6-m/crtend.o
 .ARM.attributes
                0x00000670       0x1e c:/users/eleve/appdata/local/arduino15/packages/arduino/tools/arm-none-eabi-gcc/4.8.3-2014q1/bin/../lib/gcc/arm-none-eabi/4.8.3/armv6-m/crtn.o

.comment        0x00000000       0x70
 .comment       0x00000000       0x70 c:\Users\eleve\Desktop\Lau\arduino\.build\mzero_pro_bl_dbg\sketch\main.ino.cpp.o
                                 0x71 (size before relaxing)
 .comment       0x00000000       0x71 c:\Users\eleve\Desktop\Lau\arduino\.build\mzero_pro_bl_dbg\core\variant.cpp.o
 .comment       0x00000000       0x71 c:\Users\eleve\Desktop\Lau\arduino\.build\mzero_pro_bl_dbg/core\core.a(cortex_handlers.c.o)
 .comment       0x00000000       0x71 c:\Users\eleve\Desktop\Lau\arduino\.build\mzero_pro_bl_dbg/core\core.a(delay.c.o)
 .comment       0x00000000       0x71 c:\Users\eleve\Desktop\Lau\arduino\.build\mzero_pro_bl_dbg/core\core.a(hooks.c.o)
 .comment       0x00000000       0x71 c:\Users\eleve\Desktop\Lau\arduino\.build\mzero_pro_bl_dbg/core\core.a(startup.c.o)
 .comment       0x00000000       0x71 c:\Users\eleve\Desktop\Lau\arduino\.build\mzero_pro_bl_dbg/core\core.a(wiring.c.o)
 .comment       0x00000000       0x71 c:\Users\eleve\Desktop\Lau\arduino\.build\mzero_pro_bl_dbg/core\core.a(wiring_analog.c.o)
 .comment       0x00000000       0x71 c:\Users\eleve\Desktop\Lau\arduino\.build\mzero_pro_bl_dbg/core\core.a(wiring_digital.c.o)
 .comment       0x00000000       0x71 c:\Users\eleve\Desktop\Lau\arduino\.build\mzero_pro_bl_dbg/core\core.a(wiring_private.c.o)
 .comment       0x00000000       0x71 c:\Users\eleve\Desktop\Lau\arduino\.build\mzero_pro_bl_dbg/core\core.a(Reset.cpp.o)
 .comment       0x00000000       0x71 c:\Users\eleve\Desktop\Lau\arduino\.build\mzero_pro_bl_dbg/core\core.a(SERCOM.cpp.o)
 .comment       0x00000000       0x71 c:\Users\eleve\Desktop\Lau\arduino\.build\mzero_pro_bl_dbg/core\core.a(Uart.cpp.o)
 .comment       0x00000000       0x71 c:\Users\eleve\Desktop\Lau\arduino\.build\mzero_pro_bl_dbg/core\core.a(main.cpp.o)
 .comment       0x00000000       0x71 c:\Users\eleve\Desktop\Lau\arduino\.build\mzero_pro_bl_dbg/core\core.a(USBCore.cpp.o)
 .comment       0x00000000       0x71 c:\Users\eleve\Desktop\Lau\arduino\.build\mzero_pro_bl_dbg/core\core.a(Print.cpp.o)
 .comment       0x00000000       0x71 c:\Users\eleve\Desktop\Lau\arduino\.build\mzero_pro_bl_dbg/core\core.a(RingBuffer.cpp.o)
 .comment       0x00000000       0x71 c:\Users\eleve\Desktop\Lau\arduino\.build\mzero_pro_bl_dbg/core\core.a(new.cpp.o)
 .comment       0x00000000       0x71 c:\Users\eleve\Desktop\Lau\arduino\.build\mzero_pro_bl_dbg/core\core.a(CDC.cpp.o)
 .comment       0x00000000       0x71 c:\Users\eleve\Desktop\Lau\arduino\.build\mzero_pro_bl_dbg/core\core.a(PluggableUSB.cpp.o)

.debug_info     0x00000000    0x27a5e
 .debug_info    0x00000000      0x1de c:\Users\eleve\Desktop\Lau\arduino\.build\mzero_pro_bl_dbg\sketch\main.ino.cpp.o
 .debug_info    0x000001de     0x550d c:\Users\eleve\Desktop\Lau\arduino\.build\mzero_pro_bl_dbg\core\variant.cpp.o
 .debug_info    0x000056eb      0x4ca c:\Users\eleve\Desktop\Lau\arduino\.build\mzero_pro_bl_dbg/core\core.a(cortex_handlers.c.o)
 .debug_info    0x00005bb5      0x356 c:\Users\eleve\Desktop\Lau\arduino\.build\mzero_pro_bl_dbg/core\core.a(delay.c.o)
 .debug_info    0x00005f0b       0x60 c:\Users\eleve\Desktop\Lau\arduino\.build\mzero_pro_bl_dbg/core\core.a(hooks.c.o)
 .debug_info    0x00005f6b     0x28f3 c:\Users\eleve\Desktop\Lau\arduino\.build\mzero_pro_bl_dbg/core\core.a(startup.c.o)
 .debug_info    0x0000885e     0x1dd0 c:\Users\eleve\Desktop\Lau\arduino\.build\mzero_pro_bl_dbg/core\core.a(wiring.c.o)
 .debug_info    0x0000a62e     0x434f c:\Users\eleve\Desktop\Lau\arduino\.build\mzero_pro_bl_dbg/core\core.a(wiring_analog.c.o)
 .debug_info    0x0000e97d      0xb83 c:\Users\eleve\Desktop\Lau\arduino\.build\mzero_pro_bl_dbg/core\core.a(wiring_digital.c.o)
 .debug_info    0x0000f500      0xb6c c:\Users\eleve\Desktop\Lau\arduino\.build\mzero_pro_bl_dbg/core\core.a(wiring_private.c.o)
 .debug_info    0x0001006c      0x83a c:\Users\eleve\Desktop\Lau\arduino\.build\mzero_pro_bl_dbg/core\core.a(Reset.cpp.o)
 .debug_info    0x000108a6     0x3a79 c:\Users\eleve\Desktop\Lau\arduino\.build\mzero_pro_bl_dbg/core\core.a(SERCOM.cpp.o)
 .debug_info    0x0001431f     0x51ec c:\Users\eleve\Desktop\Lau\arduino\.build\mzero_pro_bl_dbg/core\core.a(Uart.cpp.o)
 .debug_info    0x0001950b      0x7b6 c:\Users\eleve\Desktop\Lau\arduino\.build\mzero_pro_bl_dbg/core\core.a(main.cpp.o)
 .debug_info    0x00019cc1     0x7c8a c:\Users\eleve\Desktop\Lau\arduino\.build\mzero_pro_bl_dbg/core\core.a(USBCore.cpp.o)
 .debug_info    0x0002194b     0x274c c:\Users\eleve\Desktop\Lau\arduino\.build\mzero_pro_bl_dbg/core\core.a(Print.cpp.o)
 .debug_info    0x00024097      0x4c1 c:\Users\eleve\Desktop\Lau\arduino\.build\mzero_pro_bl_dbg/core\core.a(RingBuffer.cpp.o)
 .debug_info    0x00024558      0x1a1 c:\Users\eleve\Desktop\Lau\arduino\.build\mzero_pro_bl_dbg/core\core.a(new.cpp.o)
 .debug_info    0x000246f9     0x2c75 c:\Users\eleve\Desktop\Lau\arduino\.build\mzero_pro_bl_dbg/core\core.a(CDC.cpp.o)
 .debug_info    0x0002736e      0x6f0 c:\Users\eleve\Desktop\Lau\arduino\.build\mzero_pro_bl_dbg/core\core.a(PluggableUSB.cpp.o)

.debug_abbrev   0x00000000     0x3ad9
 .debug_abbrev  0x00000000       0xee c:\Users\eleve\Desktop\Lau\arduino\.build\mzero_pro_bl_dbg\sketch\main.ino.cpp.o
 .debug_abbrev  0x000000ee      0x32b c:\Users\eleve\Desktop\Lau\arduino\.build\mzero_pro_bl_dbg\core\variant.cpp.o
 .debug_abbrev  0x00000419      0x159 c:\Users\eleve\Desktop\Lau\arduino\.build\mzero_pro_bl_dbg/core\core.a(cortex_handlers.c.o)
 .debug_abbrev  0x00000572      0x158 c:\Users\eleve\Desktop\Lau\arduino\.build\mzero_pro_bl_dbg/core\core.a(delay.c.o)
 .debug_abbrev  0x000006ca       0x47 c:\Users\eleve\Desktop\Lau\arduino\.build\mzero_pro_bl_dbg/core\core.a(hooks.c.o)
 .debug_abbrev  0x00000711      0x17a c:\Users\eleve\Desktop\Lau\arduino\.build\mzero_pro_bl_dbg/core\core.a(startup.c.o)
 .debug_abbrev  0x0000088b      0x281 c:\Users\eleve\Desktop\Lau\arduino\.build\mzero_pro_bl_dbg/core\core.a(wiring.c.o)
 .debug_abbrev  0x00000b0c      0x38f c:\Users\eleve\Desktop\Lau\arduino\.build\mzero_pro_bl_dbg/core\core.a(wiring_analog.c.o)
 .debug_abbrev  0x00000e9b      0x201 c:\Users\eleve\Desktop\Lau\arduino\.build\mzero_pro_bl_dbg/core\core.a(wiring_digital.c.o)
 .debug_abbrev  0x0000109c      0x21b c:\Users\eleve\Desktop\Lau\arduino\.build\mzero_pro_bl_dbg/core\core.a(wiring_private.c.o)
 .debug_abbrev  0x000012b7      0x264 c:\Users\eleve\Desktop\Lau\arduino\.build\mzero_pro_bl_dbg/core\core.a(Reset.cpp.o)
 .debug_abbrev  0x0000151b      0x48d c:\Users\eleve\Desktop\Lau\arduino\.build\mzero_pro_bl_dbg/core\core.a(SERCOM.cpp.o)
 .debug_abbrev  0x000019a8      0x5a7 c:\Users\eleve\Desktop\Lau\arduino\.build\mzero_pro_bl_dbg/core\core.a(Uart.cpp.o)
 .debug_abbrev  0x00001f4f      0x216 c:\Users\eleve\Desktop\Lau\arduino\.build\mzero_pro_bl_dbg/core\core.a(main.cpp.o)
 .debug_abbrev  0x00002165      0x8f9 c:\Users\eleve\Desktop\Lau\arduino\.build\mzero_pro_bl_dbg/core\core.a(USBCore.cpp.o)
 .debug_abbrev  0x00002a5e      0x487 c:\Users\eleve\Desktop\Lau\arduino\.build\mzero_pro_bl_dbg/core\core.a(Print.cpp.o)
 .debug_abbrev  0x00002ee5      0x1f5 c:\Users\eleve\Desktop\Lau\arduino\.build\mzero_pro_bl_dbg/core\core.a(RingBuffer.cpp.o)
 .debug_abbrev  0x000030da       0xd7 c:\Users\eleve\Desktop\Lau\arduino\.build\mzero_pro_bl_dbg/core\core.a(new.cpp.o)
 .debug_abbrev  0x000031b1      0x637 c:\Users\eleve\Desktop\Lau\arduino\.build\mzero_pro_bl_dbg/core\core.a(CDC.cpp.o)
 .debug_abbrev  0x000037e8      0x2f1 c:\Users\eleve\Desktop\Lau\arduino\.build\mzero_pro_bl_dbg/core\core.a(PluggableUSB.cpp.o)

.debug_aranges  0x00000000      0x8f8
 .debug_aranges
                0x00000000       0x28 c:\Users\eleve\Desktop\Lau\arduino\.build\mzero_pro_bl_dbg\sketch\main.ino.cpp.o
 .debug_aranges
                0x00000028       0x30 c:\Users\eleve\Desktop\Lau\arduino\.build\mzero_pro_bl_dbg\core\variant.cpp.o
 .debug_aranges
                0x00000058       0x40 c:\Users\eleve\Desktop\Lau\arduino\.build\mzero_pro_bl_dbg/core\core.a(cortex_handlers.c.o)
 .debug_aranges
                0x00000098       0x38 c:\Users\eleve\Desktop\Lau\arduino\.build\mzero_pro_bl_dbg/core\core.a(delay.c.o)
 .debug_aranges
                0x000000d0       0x30 c:\Users\eleve\Desktop\Lau\arduino\.build\mzero_pro_bl_dbg/core\core.a(hooks.c.o)
 .debug_aranges
                0x00000100       0x20 c:\Users\eleve\Desktop\Lau\arduino\.build\mzero_pro_bl_dbg/core\core.a(startup.c.o)
 .debug_aranges
                0x00000120       0x20 c:\Users\eleve\Desktop\Lau\arduino\.build\mzero_pro_bl_dbg/core\core.a(wiring.c.o)
 .debug_aranges
                0x00000140       0x48 c:\Users\eleve\Desktop\Lau\arduino\.build\mzero_pro_bl_dbg/core\core.a(wiring_analog.c.o)
 .debug_aranges
                0x00000188       0x30 c:\Users\eleve\Desktop\Lau\arduino\.build\mzero_pro_bl_dbg/core\core.a(wiring_digital.c.o)
 .debug_aranges
                0x000001b8       0x20 c:\Users\eleve\Desktop\Lau\arduino\.build\mzero_pro_bl_dbg/core\core.a(wiring_private.c.o)
 .debug_aranges
                0x000001d8       0x30 c:\Users\eleve\Desktop\Lau\arduino\.build\mzero_pro_bl_dbg/core\core.a(Reset.cpp.o)
 .debug_aranges
                0x00000208      0x1d8 c:\Users\eleve\Desktop\Lau\arduino\.build\mzero_pro_bl_dbg/core\core.a(SERCOM.cpp.o)
 .debug_aranges
                0x000003e0       0xa8 c:\Users\eleve\Desktop\Lau\arduino\.build\mzero_pro_bl_dbg/core\core.a(Uart.cpp.o)
 .debug_aranges
                0x00000488       0x28 c:\Users\eleve\Desktop\Lau\arduino\.build\mzero_pro_bl_dbg/core\core.a(main.cpp.o)
 .debug_aranges
                0x000004b0      0x170 c:\Users\eleve\Desktop\Lau\arduino\.build\mzero_pro_bl_dbg/core\core.a(USBCore.cpp.o)
 .debug_aranges
                0x00000620      0x108 c:\Users\eleve\Desktop\Lau\arduino\.build\mzero_pro_bl_dbg/core\core.a(Print.cpp.o)
 .debug_aranges
                0x00000728       0x60 c:\Users\eleve\Desktop\Lau\arduino\.build\mzero_pro_bl_dbg/core\core.a(RingBuffer.cpp.o)
 .debug_aranges
                0x00000788       0x38 c:\Users\eleve\Desktop\Lau\arduino\.build\mzero_pro_bl_dbg/core\core.a(new.cpp.o)
 .debug_aranges
                0x000007c0       0xe8 c:\Users\eleve\Desktop\Lau\arduino\.build\mzero_pro_bl_dbg/core\core.a(CDC.cpp.o)
 .debug_aranges
                0x000008a8       0x50 c:\Users\eleve\Desktop\Lau\arduino\.build\mzero_pro_bl_dbg/core\core.a(PluggableUSB.cpp.o)

.debug_ranges   0x00000000     0x1208
 .debug_ranges  0x00000000       0x30 c:\Users\eleve\Desktop\Lau\arduino\.build\mzero_pro_bl_dbg\sketch\main.ino.cpp.o
 .debug_ranges  0x00000030       0x20 c:\Users\eleve\Desktop\Lau\arduino\.build\mzero_pro_bl_dbg\core\variant.cpp.o
 .debug_ranges  0x00000050       0x30 c:\Users\eleve\Desktop\Lau\arduino\.build\mzero_pro_bl_dbg/core\core.a(cortex_handlers.c.o)
 .debug_ranges  0x00000080       0x28 c:\Users\eleve\Desktop\Lau\arduino\.build\mzero_pro_bl_dbg/core\core.a(delay.c.o)
 .debug_ranges  0x000000a8       0x20 c:\Users\eleve\Desktop\Lau\arduino\.build\mzero_pro_bl_dbg/core\core.a(hooks.c.o)
 .debug_ranges  0x000000c8       0x10 c:\Users\eleve\Desktop\Lau\arduino\.build\mzero_pro_bl_dbg/core\core.a(startup.c.o)
 .debug_ranges  0x000000d8       0x28 c:\Users\eleve\Desktop\Lau\arduino\.build\mzero_pro_bl_dbg/core\core.a(wiring.c.o)
 .debug_ranges  0x00000100       0x38 c:\Users\eleve\Desktop\Lau\arduino\.build\mzero_pro_bl_dbg/core\core.a(wiring_analog.c.o)
 .debug_ranges  0x00000138       0x20 c:\Users\eleve\Desktop\Lau\arduino\.build\mzero_pro_bl_dbg/core\core.a(wiring_digital.c.o)
 .debug_ranges  0x00000158       0x28 c:\Users\eleve\Desktop\Lau\arduino\.build\mzero_pro_bl_dbg/core\core.a(wiring_private.c.o)
 .debug_ranges  0x00000180       0x38 c:\Users\eleve\Desktop\Lau\arduino\.build\mzero_pro_bl_dbg/core\core.a(Reset.cpp.o)
 .debug_ranges  0x000001b8      0x298 c:\Users\eleve\Desktop\Lau\arduino\.build\mzero_pro_bl_dbg/core\core.a(SERCOM.cpp.o)
 .debug_ranges  0x00000450       0xb0 c:\Users\eleve\Desktop\Lau\arduino\.build\mzero_pro_bl_dbg/core\core.a(Uart.cpp.o)
 .debug_ranges  0x00000500       0x18 c:\Users\eleve\Desktop\Lau\arduino\.build\mzero_pro_bl_dbg/core\core.a(main.cpp.o)
 .debug_ranges  0x00000518      0x7b8 c:\Users\eleve\Desktop\Lau\arduino\.build\mzero_pro_bl_dbg/core\core.a(USBCore.cpp.o)
 .debug_ranges  0x00000cd0      0x290 c:\Users\eleve\Desktop\Lau\arduino\.build\mzero_pro_bl_dbg/core\core.a(Print.cpp.o)
 .debug_ranges  0x00000f60       0x80 c:\Users\eleve\Desktop\Lau\arduino\.build\mzero_pro_bl_dbg/core\core.a(RingBuffer.cpp.o)
 .debug_ranges  0x00000fe0       0x28 c:\Users\eleve\Desktop\Lau\arduino\.build\mzero_pro_bl_dbg/core\core.a(new.cpp.o)
 .debug_ranges  0x00001008      0x130 c:\Users\eleve\Desktop\Lau\arduino\.build\mzero_pro_bl_dbg/core\core.a(CDC.cpp.o)
 .debug_ranges  0x00001138       0xd0 c:\Users\eleve\Desktop\Lau\arduino\.build\mzero_pro_bl_dbg/core\core.a(PluggableUSB.cpp.o)

.debug_line     0x00000000     0x59ed
 .debug_line    0x00000000      0x266 c:\Users\eleve\Desktop\Lau\arduino\.build\mzero_pro_bl_dbg\sketch\main.ino.cpp.o
 .debug_line    0x00000266      0x312 c:\Users\eleve\Desktop\Lau\arduino\.build\mzero_pro_bl_dbg\core\variant.cpp.o
 .debug_line    0x00000578      0x31f c:\Users\eleve\Desktop\Lau\arduino\.build\mzero_pro_bl_dbg/core\core.a(cortex_handlers.c.o)
 .debug_line    0x00000897      0x316 c:\Users\eleve\Desktop\Lau\arduino\.build\mzero_pro_bl_dbg/core\core.a(delay.c.o)
 .debug_line    0x00000bad       0xb2 c:\Users\eleve\Desktop\Lau\arduino\.build\mzero_pro_bl_dbg/core\core.a(hooks.c.o)
 .debug_line    0x00000c5f      0x3e4 c:\Users\eleve\Desktop\Lau\arduino\.build\mzero_pro_bl_dbg/core\core.a(startup.c.o)
 .debug_line    0x00001043      0x422 c:\Users\eleve\Desktop\Lau\arduino\.build\mzero_pro_bl_dbg/core\core.a(wiring.c.o)
 .debug_line    0x00001465      0x507 c:\Users\eleve\Desktop\Lau\arduino\.build\mzero_pro_bl_dbg/core\core.a(wiring_analog.c.o)
 .debug_line    0x0000196c      0x37b c:\Users\eleve\Desktop\Lau\arduino\.build\mzero_pro_bl_dbg/core\core.a(wiring_digital.c.o)
 .debug_line    0x00001ce7      0x37e c:\Users\eleve\Desktop\Lau\arduino\.build\mzero_pro_bl_dbg/core\core.a(wiring_private.c.o)
 .debug_line    0x00002065      0x387 c:\Users\eleve\Desktop\Lau\arduino\.build\mzero_pro_bl_dbg/core\core.a(Reset.cpp.o)
 .debug_line    0x000023ec      0x998 c:\Users\eleve\Desktop\Lau\arduino\.build\mzero_pro_bl_dbg/core\core.a(SERCOM.cpp.o)
 .debug_line    0x00002d84      0x600 c:\Users\eleve\Desktop\Lau\arduino\.build\mzero_pro_bl_dbg/core\core.a(Uart.cpp.o)
 .debug_line    0x00003384      0x2e0 c:\Users\eleve\Desktop\Lau\arduino\.build\mzero_pro_bl_dbg/core\core.a(main.cpp.o)
 .debug_line    0x00003664      0xef9 c:\Users\eleve\Desktop\Lau\arduino\.build\mzero_pro_bl_dbg/core\core.a(USBCore.cpp.o)
 .debug_line    0x0000455d      0x6b9 c:\Users\eleve\Desktop\Lau\arduino\.build\mzero_pro_bl_dbg/core\core.a(Print.cpp.o)
 .debug_line    0x00004c16      0x26f c:\Users\eleve\Desktop\Lau\arduino\.build\mzero_pro_bl_dbg/core\core.a(RingBuffer.cpp.o)
 .debug_line    0x00004e85      0x1d3 c:\Users\eleve\Desktop\Lau\arduino\.build\mzero_pro_bl_dbg/core\core.a(new.cpp.o)
 .debug_line    0x00005058      0x688 c:\Users\eleve\Desktop\Lau\arduino\.build\mzero_pro_bl_dbg/core\core.a(CDC.cpp.o)
 .debug_line    0x000056e0      0x30d c:\Users\eleve\Desktop\Lau\arduino\.build\mzero_pro_bl_dbg/core\core.a(PluggableUSB.cpp.o)

.debug_str      0x00000000     0x87bc
 .debug_str     0x00000000      0x28e c:\Users\eleve\Desktop\Lau\arduino\.build\mzero_pro_bl_dbg\sketch\main.ino.cpp.o
                                0x2e4 (size before relaxing)
 .debug_str     0x0000028e     0x2405 c:\Users\eleve\Desktop\Lau\arduino\.build\mzero_pro_bl_dbg\core\variant.cpp.o
                               0x2f91 (size before relaxing)
 .debug_str     0x00002693      0x4c9 c:\Users\eleve\Desktop\Lau\arduino\.build\mzero_pro_bl_dbg/core\core.a(cortex_handlers.c.o)
                                0x62a (size before relaxing)
 .debug_str     0x00002b5c       0xfd c:\Users\eleve\Desktop\Lau\arduino\.build\mzero_pro_bl_dbg/core\core.a(delay.c.o)
                                0x2cf (size before relaxing)
 .debug_str     0x00002c59       0x7a c:\Users\eleve\Desktop\Lau\arduino\.build\mzero_pro_bl_dbg/core\core.a(hooks.c.o)
                                0x141 (size before relaxing)
 .debug_str     0x00002cd3      0x87b c:\Users\eleve\Desktop\Lau\arduino\.build\mzero_pro_bl_dbg/core\core.a(startup.c.o)
                                0xd77 (size before relaxing)
 .debug_str     0x0000354e      0x37e c:\Users\eleve\Desktop\Lau\arduino\.build\mzero_pro_bl_dbg/core\core.a(wiring.c.o)
                                0xbf2 (size before relaxing)
 .debug_str     0x000038cc      0x17b c:\Users\eleve\Desktop\Lau\arduino\.build\mzero_pro_bl_dbg/core\core.a(wiring_analog.c.o)
                               0x1613 (size before relaxing)
 .debug_str     0x00003a47      0x112 c:\Users\eleve\Desktop\Lau\arduino\.build\mzero_pro_bl_dbg/core\core.a(wiring_digital.c.o)
                                0x97d (size before relaxing)
 .debug_str     0x00003b59       0x7e c:\Users\eleve\Desktop\Lau\arduino\.build\mzero_pro_bl_dbg/core\core.a(wiring_private.c.o)
                                0x9b8 (size before relaxing)
 .debug_str     0x00003bd7      0x1b9 c:\Users\eleve\Desktop\Lau\arduino\.build\mzero_pro_bl_dbg/core\core.a(Reset.cpp.o)
                                0x5ff (size before relaxing)
 .debug_str     0x00003d90      0x242 c:\Users\eleve\Desktop\Lau\arduino\.build\mzero_pro_bl_dbg/core\core.a(SERCOM.cpp.o)
                               0x22df (size before relaxing)
 .debug_str     0x00003fd2     0x1205 c:\Users\eleve\Desktop\Lau\arduino\.build\mzero_pro_bl_dbg/core\core.a(Uart.cpp.o)
                               0x37a0 (size before relaxing)
 .debug_str     0x000051d7      0x6cd c:\Users\eleve\Desktop\Lau\arduino\.build\mzero_pro_bl_dbg/core\core.a(main.cpp.o)
                                0x9a2 (size before relaxing)
 .debug_str     0x000058a4     0x243d c:\Users\eleve\Desktop\Lau\arduino\.build\mzero_pro_bl_dbg/core\core.a(USBCore.cpp.o)
                               0x3ba1 (size before relaxing)
 .debug_str     0x00007ce1      0x3f1 c:\Users\eleve\Desktop\Lau\arduino\.build\mzero_pro_bl_dbg/core\core.a(Print.cpp.o)
                               0x1048 (size before relaxing)
 .debug_str     0x000080d2       0x7e c:\Users\eleve\Desktop\Lau\arduino\.build\mzero_pro_bl_dbg/core\core.a(RingBuffer.cpp.o)
                                0x3c4 (size before relaxing)
 .debug_str     0x00008150       0xaf c:\Users\eleve\Desktop\Lau\arduino\.build\mzero_pro_bl_dbg/core\core.a(new.cpp.o)
                                0x282 (size before relaxing)
 .debug_str     0x000081ff      0x526 c:\Users\eleve\Desktop\Lau\arduino\.build\mzero_pro_bl_dbg/core\core.a(CDC.cpp.o)
                               0x1ec5 (size before relaxing)
 .debug_str     0x00008725       0x97 c:\Users\eleve\Desktop\Lau\arduino\.build\mzero_pro_bl_dbg/core\core.a(PluggableUSB.cpp.o)
                                0x619 (size before relaxing)

.debug_frame    0x00000000     0x16dc
 .debug_frame   0x00000000       0x38 c:\Users\eleve\Desktop\Lau\arduino\.build\mzero_pro_bl_dbg\sketch\main.ino.cpp.o
 .debug_frame   0x00000038       0x64 c:\Users\eleve\Desktop\Lau\arduino\.build\mzero_pro_bl_dbg\core\variant.cpp.o
 .debug_frame   0x0000009c       0x7c c:\Users\eleve\Desktop\Lau\arduino\.build\mzero_pro_bl_dbg/core\core.a(cortex_handlers.c.o)
 .debug_frame   0x00000118       0x78 c:\Users\eleve\Desktop\Lau\arduino\.build\mzero_pro_bl_dbg/core\core.a(delay.c.o)
 .debug_frame   0x00000190       0x40 c:\Users\eleve\Desktop\Lau\arduino\.build\mzero_pro_bl_dbg/core\core.a(hooks.c.o)
 .debug_frame   0x000001d0       0x2c c:\Users\eleve\Desktop\Lau\arduino\.build\mzero_pro_bl_dbg/core\core.a(startup.c.o)
 .debug_frame   0x000001fc       0x28 c:\Users\eleve\Desktop\Lau\arduino\.build\mzero_pro_bl_dbg/core\core.a(wiring.c.o)
 .debug_frame   0x00000224       0x90 c:\Users\eleve\Desktop\Lau\arduino\.build\mzero_pro_bl_dbg/core\core.a(wiring_analog.c.o)
 .debug_frame   0x000002b4       0x58 c:\Users\eleve\Desktop\Lau\arduino\.build\mzero_pro_bl_dbg/core\core.a(wiring_digital.c.o)
 .debug_frame   0x0000030c       0x30 c:\Users\eleve\Desktop\Lau\arduino\.build\mzero_pro_bl_dbg/core\core.a(wiring_private.c.o)
 .debug_frame   0x0000033c       0x40 c:\Users\eleve\Desktop\Lau\arduino\.build\mzero_pro_bl_dbg/core\core.a(Reset.cpp.o)
 .debug_frame   0x0000037c      0x448 c:\Users\eleve\Desktop\Lau\arduino\.build\mzero_pro_bl_dbg/core\core.a(SERCOM.cpp.o)
 .debug_frame   0x000007c4      0x1b0 c:\Users\eleve\Desktop\Lau\arduino\.build\mzero_pro_bl_dbg/core\core.a(Uart.cpp.o)
 .debug_frame   0x00000974       0x38 c:\Users\eleve\Desktop\Lau\arduino\.build\mzero_pro_bl_dbg/core\core.a(main.cpp.o)
 .debug_frame   0x000009ac      0x454 c:\Users\eleve\Desktop\Lau\arduino\.build\mzero_pro_bl_dbg/core\core.a(USBCore.cpp.o)
 .debug_frame   0x00000e00      0x330 c:\Users\eleve\Desktop\Lau\arduino\.build\mzero_pro_bl_dbg/core\core.a(Print.cpp.o)
 .debug_frame   0x00001130       0xb0 c:\Users\eleve\Desktop\Lau\arduino\.build\mzero_pro_bl_dbg/core\core.a(RingBuffer.cpp.o)
 .debug_frame   0x000011e0       0x70 c:\Users\eleve\Desktop\Lau\arduino\.build\mzero_pro_bl_dbg/core\core.a(new.cpp.o)
 .debug_frame   0x00001250      0x214 c:\Users\eleve\Desktop\Lau\arduino\.build\mzero_pro_bl_dbg/core\core.a(CDC.cpp.o)
 .debug_frame   0x00001464       0xc4 c:\Users\eleve\Desktop\Lau\arduino\.build\mzero_pro_bl_dbg/core\core.a(PluggableUSB.cpp.o)
 .debug_frame   0x00001528       0x20 c:/users/eleve/appdata/local/arduino15/packages/arduino/tools/arm-none-eabi-gcc/4.8.3-2014q1/bin/../lib/gcc/arm-none-eabi/4.8.3/armv6-m\libgcc.a(_udivsi3.o)
 .debug_frame   0x00001548       0x2c c:/users/eleve/appdata/local/arduino15/packages/arduino/tools/arm-none-eabi-gcc/4.8.3-2014q1/bin/../lib/gcc/arm-none-eabi/4.8.3/../../../../arm-none-eabi/lib/armv6-m\libc_s.a(lib_a-init.o)
 .debug_frame   0x00001574       0x40 c:/users/eleve/appdata/local/arduino15/packages/arduino/tools/arm-none-eabi-gcc/4.8.3-2014q1/bin/../lib/gcc/arm-none-eabi/4.8.3/../../../../arm-none-eabi/lib/armv6-m\libc_s.a(lib_a-malloc.o)
 .debug_frame   0x000015b4       0x28 c:/users/eleve/appdata/local/arduino15/packages/arduino/tools/arm-none-eabi-gcc/4.8.3-2014q1/bin/../lib/gcc/arm-none-eabi/4.8.3/../../../../arm-none-eabi/lib/armv6-m\libc_s.a(lib_a-memcpy-stub.o)
 .debug_frame   0x000015dc       0x20 c:/users/eleve/appdata/local/arduino15/packages/arduino/tools/arm-none-eabi-gcc/4.8.3-2014q1/bin/../lib/gcc/arm-none-eabi/4.8.3/../../../../arm-none-eabi/lib/armv6-m\libc_s.a(lib_a-memset.o)
 .debug_frame   0x000015fc       0x2c c:/users/eleve/appdata/local/arduino15/packages/arduino/tools/arm-none-eabi-gcc/4.8.3-2014q1/bin/../lib/gcc/arm-none-eabi/4.8.3/../../../../arm-none-eabi/lib/armv6-m\libc_s.a(lib_a-nano-mallocr.o)
 .debug_frame   0x00001628       0x2c c:/users/eleve/appdata/local/arduino15/packages/arduino/tools/arm-none-eabi-gcc/4.8.3-2014q1/bin/../lib/gcc/arm-none-eabi/4.8.3/../../../../arm-none-eabi/lib/armv6-m\libc_s.a(lib_a-sbrkr.o)
 .debug_frame   0x00001654       0x20 c:/users/eleve/appdata/local/arduino15/packages/arduino/tools/arm-none-eabi-gcc/4.8.3-2014q1/bin/../lib/gcc/arm-none-eabi/4.8.3/../../../../arm-none-eabi/lib/armv6-m\libc_s.a(lib_a-strlen.o)
 .debug_frame   0x00001674       0x48 c:/users/eleve/appdata/local/arduino15/packages/arduino/tools/arm-none-eabi-gcc/4.8.3-2014q1/bin/../lib/gcc/arm-none-eabi/4.8.3/../../../../arm-none-eabi/lib/armv6-m\libc_s.a(lib_a-reent.o)
 .debug_frame   0x000016bc       0x20 c:/users/eleve/appdata/local/arduino15/packages/arduino/tools/arm-none-eabi-gcc/4.8.3-2014q1/bin/../lib/gcc/arm-none-eabi/4.8.3/../../../../arm-none-eabi/lib/armv6-m\libnosys.a(sbrk.o)

.debug_loc      0x00000000     0x5b18
 .debug_loc     0x00000000       0x7b c:\Users\eleve\Desktop\Lau\arduino\.build\mzero_pro_bl_dbg/core\core.a(cortex_handlers.c.o)
 .debug_loc     0x0000007b       0xf4 c:\Users\eleve\Desktop\Lau\arduino\.build\mzero_pro_bl_dbg/core\core.a(delay.c.o)
 .debug_loc     0x0000016f       0x58 c:\Users\eleve\Desktop\Lau\arduino\.build\mzero_pro_bl_dbg/core\core.a(startup.c.o)
 .debug_loc     0x000001c7       0xe9 c:\Users\eleve\Desktop\Lau\arduino\.build\mzero_pro_bl_dbg/core\core.a(wiring.c.o)
 .debug_loc     0x000002b0      0x53d c:\Users\eleve\Desktop\Lau\arduino\.build\mzero_pro_bl_dbg/core\core.a(wiring_analog.c.o)
 .debug_loc     0x000007ed      0x19f c:\Users\eleve\Desktop\Lau\arduino\.build\mzero_pro_bl_dbg/core\core.a(wiring_digital.c.o)
 .debug_loc     0x0000098c      0x123 c:\Users\eleve\Desktop\Lau\arduino\.build\mzero_pro_bl_dbg/core\core.a(wiring_private.c.o)
 .debug_loc     0x00000aaf      0xa76 c:\Users\eleve\Desktop\Lau\arduino\.build\mzero_pro_bl_dbg/core\core.a(SERCOM.cpp.o)
 .debug_loc     0x00001525      0x687 c:\Users\eleve\Desktop\Lau\arduino\.build\mzero_pro_bl_dbg/core\core.a(Uart.cpp.o)
 .debug_loc     0x00001bac     0x23dc c:\Users\eleve\Desktop\Lau\arduino\.build\mzero_pro_bl_dbg/core\core.a(USBCore.cpp.o)
 .debug_loc     0x00003f88     0x1155 c:\Users\eleve\Desktop\Lau\arduino\.build\mzero_pro_bl_dbg/core\core.a(Print.cpp.o)
 .debug_loc     0x000050dd      0x1fa c:\Users\eleve\Desktop\Lau\arduino\.build\mzero_pro_bl_dbg/core\core.a(RingBuffer.cpp.o)
 .debug_loc     0x000052d7       0x84 c:\Users\eleve\Desktop\Lau\arduino\.build\mzero_pro_bl_dbg/core\core.a(new.cpp.o)
 .debug_loc     0x0000535b      0x565 c:\Users\eleve\Desktop\Lau\arduino\.build\mzero_pro_bl_dbg/core\core.a(CDC.cpp.o)
 .debug_loc     0x000058c0      0x258 c:\Users\eleve\Desktop\Lau\arduino\.build\mzero_pro_bl_dbg/core\core.a(PluggableUSB.cpp.o)

Cross Reference Table

Symbol                                            File
AC_Handler                                        c:\Users\eleve\Desktop\Lau\arduino\.build\mzero_pro_bl_dbg/core\core.a(cortex_handlers.c.o)
ADC_Handler                                       c:\Users\eleve\Desktop\Lau\arduino\.build\mzero_pro_bl_dbg/core\core.a(cortex_handlers.c.o)
CDC_GetInterface(unsigned char*)                  c:\Users\eleve\Desktop\Lau\arduino\.build\mzero_pro_bl_dbg/core\core.a(CDC.cpp.o)
                                                  c:\Users\eleve\Desktop\Lau\arduino\.build\mzero_pro_bl_dbg/core\core.a(USBCore.cpp.o)
CDC_Setup(USBSetup&)                              c:\Users\eleve\Desktop\Lau\arduino\.build\mzero_pro_bl_dbg/core\core.a(CDC.cpp.o)
                                                  c:\Users\eleve\Desktop\Lau\arduino\.build\mzero_pro_bl_dbg/core\core.a(USBCore.cpp.o)
DAC_Handler                                       c:\Users\eleve\Desktop\Lau\arduino\.build\mzero_pro_bl_dbg/core\core.a(cortex_handlers.c.o)
DMAC_Handler                                      c:\Users\eleve\Desktop\Lau\arduino\.build\mzero_pro_bl_dbg/core\core.a(cortex_handlers.c.o)
DoubleBufferedEPOutHandler::available() const     c:\Users\eleve\Desktop\Lau\arduino\.build\mzero_pro_bl_dbg/core\core.a(USBCore.cpp.o)
DoubleBufferedEPOutHandler::handleEndpoint()      c:\Users\eleve\Desktop\Lau\arduino\.build\mzero_pro_bl_dbg/core\core.a(USBCore.cpp.o)
DoubleBufferedEPOutHandler::recv(void*, unsigned long) c:\Users\eleve\Desktop\Lau\arduino\.build\mzero_pro_bl_dbg/core\core.a(USBCore.cpp.o)
DoubleBufferedEPOutHandler::release()             c:\Users\eleve\Desktop\Lau\arduino\.build\mzero_pro_bl_dbg/core\core.a(USBCore.cpp.o)
Dummy_Handler                                     c:\Users\eleve\Desktop\Lau\arduino\.build\mzero_pro_bl_dbg/core\core.a(cortex_handlers.c.o)
EIC_Handler                                       c:\Users\eleve\Desktop\Lau\arduino\.build\mzero_pro_bl_dbg/core\core.a(cortex_handlers.c.o)
EVSYS_Handler                                     c:\Users\eleve\Desktop\Lau\arduino\.build\mzero_pro_bl_dbg/core\core.a(cortex_handlers.c.o)
EndPoints                                         c:\Users\eleve\Desktop\Lau\arduino\.build\mzero_pro_bl_dbg/core\core.a(USBCore.cpp.o)
                                                  c:\Users\eleve\Desktop\Lau\arduino\.build\mzero_pro_bl_dbg/core\core.a(PluggableUSB.cpp.o)
HardFault_Handler                                 c:\Users\eleve\Desktop\Lau\arduino\.build\mzero_pro_bl_dbg/core\core.a(cortex_handlers.c.o)
I2S_Handler                                       c:\Users\eleve\Desktop\Lau\arduino\.build\mzero_pro_bl_dbg/core\core.a(cortex_handlers.c.o)
NMI_Handler                                       c:\Users\eleve\Desktop\Lau\arduino\.build\mzero_pro_bl_dbg/core\core.a(cortex_handlers.c.o)
NVMCTRL_Handler                                   c:\Users\eleve\Desktop\Lau\arduino\.build\mzero_pro_bl_dbg/core\core.a(cortex_handlers.c.o)
PM_Handler                                        c:\Users\eleve\Desktop\Lau\arduino\.build\mzero_pro_bl_dbg/core\core.a(cortex_handlers.c.o)
PTC_Handler                                       c:\Users\eleve\Desktop\Lau\arduino\.build\mzero_pro_bl_dbg/core\core.a(cortex_handlers.c.o)
PendSV_Handler                                    c:\Users\eleve\Desktop\Lau\arduino\.build\mzero_pro_bl_dbg/core\core.a(cortex_handlers.c.o)
PluggableUSB()                                    c:\Users\eleve\Desktop\Lau\arduino\.build\mzero_pro_bl_dbg/core\core.a(PluggableUSB.cpp.o)
                                                  c:\Users\eleve\Desktop\Lau\arduino\.build\mzero_pro_bl_dbg/core\core.a(USBCore.cpp.o)
PluggableUSB_::PluggableUSB_()                    c:\Users\eleve\Desktop\Lau\arduino\.build\mzero_pro_bl_dbg/core\core.a(PluggableUSB.cpp.o)
PluggableUSB_::PluggableUSB_()                    c:\Users\eleve\Desktop\Lau\arduino\.build\mzero_pro_bl_dbg/core\core.a(PluggableUSB.cpp.o)
PluggableUSB_::getDescriptor(USBSetup&)           c:\Users\eleve\Desktop\Lau\arduino\.build\mzero_pro_bl_dbg/core\core.a(PluggableUSB.cpp.o)
                                                  c:\Users\eleve\Desktop\Lau\arduino\.build\mzero_pro_bl_dbg/core\core.a(USBCore.cpp.o)
PluggableUSB_::getInterface(unsigned char*)       c:\Users\eleve\Desktop\Lau\arduino\.build\mzero_pro_bl_dbg/core\core.a(PluggableUSB.cpp.o)
                                                  c:\Users\eleve\Desktop\Lau\arduino\.build\mzero_pro_bl_dbg/core\core.a(USBCore.cpp.o)
PluggableUSB_::getShortName(char*)                c:\Users\eleve\Desktop\Lau\arduino\.build\mzero_pro_bl_dbg/core\core.a(PluggableUSB.cpp.o)
                                                  c:\Users\eleve\Desktop\Lau\arduino\.build\mzero_pro_bl_dbg/core\core.a(USBCore.cpp.o)
PluggableUSB_::plug(PluggableUSBModule*)          c:\Users\eleve\Desktop\Lau\arduino\.build\mzero_pro_bl_dbg/core\core.a(PluggableUSB.cpp.o)
PluggableUSB_::setup(USBSetup&)                   c:\Users\eleve\Desktop\Lau\arduino\.build\mzero_pro_bl_dbg/core\core.a(PluggableUSB.cpp.o)
                                                  c:\Users\eleve\Desktop\Lau\arduino\.build\mzero_pro_bl_dbg/core\core.a(USBCore.cpp.o)
Print::availableForWrite()                        c:\Users\eleve\Desktop\Lau\arduino\.build\mzero_pro_bl_dbg/core\core.a(Uart.cpp.o)
                                                  c:\Users\eleve\Desktop\Lau\arduino\.build\mzero_pro_bl_dbg/core\core.a(CDC.cpp.o)
                                                  c:\Users\eleve\Desktop\Lau\arduino\.build\mzero_pro_bl_dbg/core\core.a(Print.cpp.o)
Print::flush()                                    c:\Users\eleve\Desktop\Lau\arduino\.build\mzero_pro_bl_dbg/core\core.a(Uart.cpp.o)
                                                  c:\Users\eleve\Desktop\Lau\arduino\.build\mzero_pro_bl_dbg/core\core.a(CDC.cpp.o)
                                                  c:\Users\eleve\Desktop\Lau\arduino\.build\mzero_pro_bl_dbg/core\core.a(Print.cpp.o)
Print::print(Printable const&)                    c:\Users\eleve\Desktop\Lau\arduino\.build\mzero_pro_bl_dbg/core\core.a(Print.cpp.o)
Print::print(String const&)                       c:\Users\eleve\Desktop\Lau\arduino\.build\mzero_pro_bl_dbg/core\core.a(Print.cpp.o)
Print::print(__FlashStringHelper const*)          c:\Users\eleve\Desktop\Lau\arduino\.build\mzero_pro_bl_dbg/core\core.a(Print.cpp.o)
Print::print(char const*)                         c:\Users\eleve\Desktop\Lau\arduino\.build\mzero_pro_bl_dbg/core\core.a(Print.cpp.o)
Print::print(char)                                c:\Users\eleve\Desktop\Lau\arduino\.build\mzero_pro_bl_dbg/core\core.a(Print.cpp.o)
Print::print(double, int)                         c:\Users\eleve\Desktop\Lau\arduino\.build\mzero_pro_bl_dbg/core\core.a(Print.cpp.o)
Print::print(int, int)                            c:\Users\eleve\Desktop\Lau\arduino\.build\mzero_pro_bl_dbg/core\core.a(Print.cpp.o)
Print::print(long, int)                           c:\Users\eleve\Desktop\Lau\arduino\.build\mzero_pro_bl_dbg/core\core.a(Print.cpp.o)
Print::print(unsigned char, int)                  c:\Users\eleve\Desktop\Lau\arduino\.build\mzero_pro_bl_dbg/core\core.a(Print.cpp.o)
Print::print(unsigned int, int)                   c:\Users\eleve\Desktop\Lau\arduino\.build\mzero_pro_bl_dbg/core\core.a(Print.cpp.o)
Print::print(unsigned long, int)                  c:\Users\eleve\Desktop\Lau\arduino\.build\mzero_pro_bl_dbg/core\core.a(Print.cpp.o)
Print::printFloat(double, unsigned char)          c:\Users\eleve\Desktop\Lau\arduino\.build\mzero_pro_bl_dbg/core\core.a(Print.cpp.o)
Print::printNumber(unsigned long, unsigned char)  c:\Users\eleve\Desktop\Lau\arduino\.build\mzero_pro_bl_dbg/core\core.a(Print.cpp.o)
Print::println()                                  c:\Users\eleve\Desktop\Lau\arduino\.build\mzero_pro_bl_dbg/core\core.a(Print.cpp.o)
Print::println(Printable const&)                  c:\Users\eleve\Desktop\Lau\arduino\.build\mzero_pro_bl_dbg/core\core.a(Print.cpp.o)
Print::println(String const&)                     c:\Users\eleve\Desktop\Lau\arduino\.build\mzero_pro_bl_dbg/core\core.a(Print.cpp.o)
Print::println(__FlashStringHelper const*)        c:\Users\eleve\Desktop\Lau\arduino\.build\mzero_pro_bl_dbg/core\core.a(Print.cpp.o)
Print::println(char const*)                       c:\Users\eleve\Desktop\Lau\arduino\.build\mzero_pro_bl_dbg/core\core.a(Print.cpp.o)
Print::println(char)                              c:\Users\eleve\Desktop\Lau\arduino\.build\mzero_pro_bl_dbg/core\core.a(Print.cpp.o)
Print::println(double, int)                       c:\Users\eleve\Desktop\Lau\arduino\.build\mzero_pro_bl_dbg/core\core.a(Print.cpp.o)
Print::println(int, int)                          c:\Users\eleve\Desktop\Lau\arduino\.build\mzero_pro_bl_dbg/core\core.a(Print.cpp.o)
Print::println(long, int)                         c:\Users\eleve\Desktop\Lau\arduino\.build\mzero_pro_bl_dbg/core\core.a(Print.cpp.o)
Print::println(unsigned char, int)                c:\Users\eleve\Desktop\Lau\arduino\.build\mzero_pro_bl_dbg/core\core.a(Print.cpp.o)
Print::println(unsigned int, int)                 c:\Users\eleve\Desktop\Lau\arduino\.build\mzero_pro_bl_dbg/core\core.a(Print.cpp.o)
Print::println(unsigned long, int)                c:\Users\eleve\Desktop\Lau\arduino\.build\mzero_pro_bl_dbg/core\core.a(Print.cpp.o)